20:27:40 **** Build of configuration Debug for project IBootLPC55s69 ****
make -r -j4 all 
Building file: ../utilities/fsl_assert.c
Building file: ../utilities/fsl_debug_console.c
Building file: ../startup/boot_multicore_slave.c
Building file: ../startup/startup_lpc55s69_cm33_core0.c
Invoking: MCU C Compiler
Invoking: MCU C Compiler
Invoking: MCU C Compiler
arm-none-eabi-gcc -std=gnu99 -D__REDLIB__ -DCPU_LPC55S69JBD100 -DCPU_LPC55S69JBD100_cm33 -DCPU_LPC55S69JBD100_cm33_core0 -DMCUXPRESSO_SDK -DSDK_DEBUGCONSOLE=1 -DCR_INTEGER_PRINTF -DPRINTF_FLOAT_ENABLE=0 -D__MCUXPRESSO -D__USE_CMSIS -DDEBUG -I"E:\Ishwarya\IBootRepo\IBoot\IBootLPC55s69\board" -I"E:\Ishwarya\IBootRepo\IBoot\IBootLPC55s69\source" -I"E:\Ishwarya\IBootRepo\IBoot\IBootLPC55s69\utilities" -I"E:\Ishwarya\IBootRepo\IBoot\IBootLPC55s69\drivers" -I"E:\Ishwarya\IBootRepo\IBoot\IBootLPC55s69\LPC55S69\drivers" -I"E:\Ishwarya\IBootRepo\IBoot\IBootLPC55s69\device" -I"E:\Ishwarya\IBootRepo\IBoot\IBootLPC55s69\startup" -I"E:\Ishwarya\IBootRepo\IBoot\IBootLPC55s69\component\uart" -I"E:\Ishwarya\IBootRepo\IBoot\IBootLPC55s69\component\lists" -I"E:\Ishwarya\IBootRepo\IBoot\IBootLPC55s69\CMSIS" -O0 -fno-common -g3 -mcpu=cortex-m33 -c -ffunction-sections -fdata-sections -ffreestanding -fno-builtin -fmerge-constants -fmacro-prefix-map="../utilities/"=. -mcpu=cortex-m33 -mfpu=fpv5-sp-d16 -mfloat-abi=hard -mthumb -D__REDLIB__ -fstack-usage -specs=redlib.specs -MMD -MP -MF"utilities/fsl_assert.d" -MT"utilities/fsl_assert.o" -MT"utilities/fsl_assert.d" -o "utilities/fsl_assert.o" "../utilities/fsl_assert.c"
Invoking: MCU C Compiler
arm-none-eabi-gcc -std=gnu99 -D__REDLIB__ -DCPU_LPC55S69JBD100 -DCPU_LPC55S69JBD100_cm33 -DCPU_LPC55S69JBD100_cm33_core0 -DMCUXPRESSO_SDK -DSDK_DEBUGCONSOLE=1 -DCR_INTEGER_PRINTF -DPRINTF_FLOAT_ENABLE=0 -D__MCUXPRESSO -D__USE_CMSIS -DDEBUG -I"E:\Ishwarya\IBootRepo\IBoot\IBootLPC55s69\board" -I"E:\Ishwarya\IBootRepo\IBoot\IBootLPC55s69\source" -I"E:\Ishwarya\IBootRepo\IBoot\IBootLPC55s69\utilities" -I"E:\Ishwarya\IBootRepo\IBoot\IBootLPC55s69\drivers" -I"E:\Ishwarya\IBootRepo\IBoot\IBootLPC55s69\LPC55S69\drivers" -I"E:\Ishwarya\IBootRepo\IBoot\IBootLPC55s69\device" -I"E:\Ishwarya\IBootRepo\IBoot\IBootLPC55s69\startup" -I"E:\Ishwarya\IBootRepo\IBoot\IBootLPC55s69\component\uart" -I"E:\Ishwarya\IBootRepo\IBoot\IBootLPC55s69\component\lists" -I"E:\Ishwarya\IBootRepo\IBoot\IBootLPC55s69\CMSIS" -O0 -fno-common -g3 -mcpu=cortex-m33 -c -ffunction-sections -fdata-sections -ffreestanding -fno-builtin -fmerge-constants -fmacro-prefix-map="../utilities/"=. -mcpu=cortex-m33 -mfpu=fpv5-sp-d16 -mfloat-abi=hard -mthumb -D__REDLIB__ -fstack-usage -specs=redlib.specs -MMD -MP -MF"utilities/fsl_debug_console.d" -MT"utilities/fsl_debug_console.o" -MT"utilities/fsl_debug_console.d" -o "utilities/fsl_debug_console.o" "../utilities/fsl_debug_console.c"
arm-none-eabi-gcc -std=gnu99 -D__REDLIB__ -DCPU_LPC55S69JBD100 -DCPU_LPC55S69JBD100_cm33 -DCPU_LPC55S69JBD100_cm33_core0 -DMCUXPRESSO_SDK -DSDK_DEBUGCONSOLE=1 -DCR_INTEGER_PRINTF -DPRINTF_FLOAT_ENABLE=0 -D__MCUXPRESSO -D__USE_CMSIS -DDEBUG -I"E:\Ishwarya\IBootRepo\IBoot\IBootLPC55s69\board" -I"E:\Ishwarya\IBootRepo\IBoot\IBootLPC55s69\source" -I"E:\Ishwarya\IBootRepo\IBoot\IBootLPC55s69\utilities" -I"E:\Ishwarya\IBootRepo\IBoot\IBootLPC55s69\drivers" -I"E:\Ishwarya\IBootRepo\IBoot\IBootLPC55s69\LPC55S69\drivers" -I"E:\Ishwarya\IBootRepo\IBoot\IBootLPC55s69\device" -I"E:\Ishwarya\IBootRepo\IBoot\IBootLPC55s69\startup" -I"E:\Ishwarya\IBootRepo\IBoot\IBootLPC55s69\component\uart" -I"E:\Ishwarya\IBootRepo\IBoot\IBootLPC55s69\component\lists" -I"E:\Ishwarya\IBootRepo\IBoot\IBootLPC55s69\CMSIS" -O0 -fno-common -g3 -mcpu=cortex-m33 -c -ffunction-sections -fdata-sections -ffreestanding -fno-builtin -fmerge-constants -fmacro-prefix-map="../startup/"=. -mcpu=cortex-m33 -mfpu=fpv5-sp-d16 -mfloat-abi=hard -mthumb -D__REDLIB__ -fstack-usage -specs=redlib.specs -MMD -MP -MF"startup/startup_lpc55s69_cm33_core0.d" -MT"startup/startup_lpc55s69_cm33_core0.o" -MT"startup/startup_lpc55s69_cm33_core0.d" -o "startup/startup_lpc55s69_cm33_core0.o" "../startup/startup_lpc55s69_cm33_core0.c"
arm-none-eabi-gcc -std=gnu99 -D__REDLIB__ -DCPU_LPC55S69JBD100 -DCPU_LPC55S69JBD100_cm33 -DCPU_LPC55S69JBD100_cm33_core0 -DMCUXPRESSO_SDK -DSDK_DEBUGCONSOLE=1 -DCR_INTEGER_PRINTF -DPRINTF_FLOAT_ENABLE=0 -D__MCUXPRESSO -D__USE_CMSIS -DDEBUG -I"E:\Ishwarya\IBootRepo\IBoot\IBootLPC55s69\board" -I"E:\Ishwarya\IBootRepo\IBoot\IBootLPC55s69\source" -I"E:\Ishwarya\IBootRepo\IBoot\IBootLPC55s69\utilities" -I"E:\Ishwarya\IBootRepo\IBoot\IBootLPC55s69\drivers" -I"E:\Ishwarya\IBootRepo\IBoot\IBootLPC55s69\LPC55S69\drivers" -I"E:\Ishwarya\IBootRepo\IBoot\IBootLPC55s69\device" -I"E:\Ishwarya\IBootRepo\IBoot\IBootLPC55s69\startup" -I"E:\Ishwarya\IBootRepo\IBoot\IBootLPC55s69\component\uart" -I"E:\Ishwarya\IBootRepo\IBoot\IBootLPC55s69\component\lists" -I"E:\Ishwarya\IBootRepo\IBoot\IBootLPC55s69\CMSIS" -O0 -fno-common -g3 -mcpu=cortex-m33 -c -ffunction-sections -fdata-sections -ffreestanding -fno-builtin -fmerge-constants -fmacro-prefix-map="../startup/"=. -mcpu=cortex-m33 -mfpu=fpv5-sp-d16 -mfloat-abi=hard -mthumb -D__REDLIB__ -fstack-usage -specs=redlib.specs -MMD -MP -MF"startup/boot_multicore_slave.d" -MT"startup/boot_multicore_slave.o" -MT"startup/boot_multicore_slave.d" -o "startup/boot_multicore_slave.o" "../startup/boot_multicore_slave.c"
Finished building: ../startup/boot_multicore_slave.c
 
Building file: ../source/IBoot.c
Invoking: MCU C Compiler
arm-none-eabi-gcc -std=gnu99 -D__REDLIB__ -DCPU_LPC55S69JBD100 -DCPU_LPC55S69JBD100_cm33 -DCPU_LPC55S69JBD100_cm33_core0 -DMCUXPRESSO_SDK -DSDK_DEBUGCONSOLE=1 -DCR_INTEGER_PRINTF -DPRINTF_FLOAT_ENABLE=0 -D__MCUXPRESSO -D__USE_CMSIS -DDEBUG -I"E:\Ishwarya\IBootRepo\IBoot\IBootLPC55s69\board" -I"E:\Ishwarya\IBootRepo\IBoot\IBootLPC55s69\source" -I"E:\Ishwarya\IBootRepo\IBoot\IBootLPC55s69\utilities" -I"E:\Ishwarya\IBootRepo\IBoot\IBootLPC55s69\drivers" -I"E:\Ishwarya\IBootRepo\IBoot\IBootLPC55s69\LPC55S69\drivers" -I"E:\Ishwarya\IBootRepo\IBoot\IBootLPC55s69\device" -I"E:\Ishwarya\IBootRepo\IBoot\IBootLPC55s69\startup" -I"E:\Ishwarya\IBootRepo\IBoot\IBootLPC55s69\component\uart" -I"E:\Ishwarya\IBootRepo\IBoot\IBootLPC55s69\component\lists" -I"E:\Ishwarya\IBootRepo\IBoot\IBootLPC55s69\CMSIS" -O0 -fno-common -g3 -mcpu=cortex-m33 -c -ffunction-sections -fdata-sections -ffreestanding -fno-builtin -fmerge-constants -fmacro-prefix-map="../source/"=. -mcpu=cortex-m33 -mfpu=fpv5-sp-d16 -mfloat-abi=hard -mthumb -D__REDLIB__ -fstack-usage -specs=redlib.specs -MMD -MP -MF"source/IBoot.d" -MT"source/IBoot.o" -MT"source/IBoot.d" -o "source/IBoot.o" "../source/IBoot.c"
Finished building: ../startup/startup_lpc55s69_cm33_core0.c
 
Building file: ../source/IBoot_App.c
Invoking: MCU C Compiler
arm-none-eabi-gcc -std=gnu99 -D__REDLIB__ -DCPU_LPC55S69JBD100 -DCPU_LPC55S69JBD100_cm33 -DCPU_LPC55S69JBD100_cm33_core0 -DMCUXPRESSO_SDK -DSDK_DEBUGCONSOLE=1 -DCR_INTEGER_PRINTF -DPRINTF_FLOAT_ENABLE=0 -D__MCUXPRESSO -D__USE_CMSIS -DDEBUG -I"E:\Ishwarya\IBootRepo\IBoot\IBootLPC55s69\board" -I"E:\Ishwarya\IBootRepo\IBoot\IBootLPC55s69\source" -I"E:\Ishwarya\IBootRepo\IBoot\IBootLPC55s69\utilities" -I"E:\Ishwarya\IBootRepo\IBoot\IBootLPC55s69\drivers" -I"E:\Ishwarya\IBootRepo\IBoot\IBootLPC55s69\LPC55S69\drivers" -I"E:\Ishwarya\IBootRepo\IBoot\IBootLPC55s69\device" -I"E:\Ishwarya\IBootRepo\IBoot\IBootLPC55s69\startup" -I"E:\Ishwarya\IBootRepo\IBoot\IBootLPC55s69\component\uart" -I"E:\Ishwarya\IBootRepo\IBoot\IBootLPC55s69\component\lists" -I"E:\Ishwarya\IBootRepo\IBoot\IBootLPC55s69\CMSIS" -O0 -fno-common -g3 -mcpu=cortex-m33 -c -ffunction-sections -fdata-sections -ffreestanding -fno-builtin -fmerge-constants -fmacro-prefix-map="../source/"=. -mcpu=cortex-m33 -mfpu=fpv5-sp-d16 -mfloat-abi=hard -mthumb -D__REDLIB__ -fstack-usage -specs=redlib.specs -MMD -MP -MF"source/IBoot_App.d" -MT"source/IBoot_App.o" -MT"source/IBoot_App.d" -o "source/IBoot_App.o" "../source/IBoot_App.c"
Finished building: ../utilities/fsl_assert.c
 
Building file: ../source/semihost_hardfault.c
Invoking: MCU C Compiler
arm-none-eabi-gcc -std=gnu99 -D__REDLIB__ -DCPU_LPC55S69JBD100 -DCPU_LPC55S69JBD100_cm33 -DCPU_LPC55S69JBD100_cm33_core0 -DMCUXPRESSO_SDK -DSDK_DEBUGCONSOLE=1 -DCR_INTEGER_PRINTF -DPRINTF_FLOAT_ENABLE=0 -D__MCUXPRESSO -D__USE_CMSIS -DDEBUG -I"E:\Ishwarya\IBootRepo\IBoot\IBootLPC55s69\board" -I"E:\Ishwarya\IBootRepo\IBoot\IBootLPC55s69\source" -I"E:\Ishwarya\IBootRepo\IBoot\IBootLPC55s69\utilities" -I"E:\Ishwarya\IBootRepo\IBoot\IBootLPC55s69\drivers" -I"E:\Ishwarya\IBootRepo\IBoot\IBootLPC55s69\LPC55S69\drivers" -I"E:\Ishwarya\IBootRepo\IBoot\IBootLPC55s69\device" -I"E:\Ishwarya\IBootRepo\IBoot\IBootLPC55s69\startup" -I"E:\Ishwarya\IBootRepo\IBoot\IBootLPC55s69\component\uart" -I"E:\Ishwarya\IBootRepo\IBoot\IBootLPC55s69\component\lists" -I"E:\Ishwarya\IBootRepo\IBoot\IBootLPC55s69\CMSIS" -O0 -fno-common -g3 -mcpu=cortex-m33 -c -ffunction-sections -fdata-sections -ffreestanding -fno-builtin -fmerge-constants -fmacro-prefix-map="../source/"=. -mcpu=cortex-m33 -mfpu=fpv5-sp-d16 -mfloat-abi=hard -mthumb -D__REDLIB__ -fstack-usage -specs=redlib.specs -MMD -MP -MF"source/semihost_hardfault.d" -MT"source/semihost_hardfault.o" -MT"source/semihost_hardfault.d" -o "source/semihost_hardfault.o" "../source/semihost_hardfault.c"
Finished building: ../utilities/fsl_debug_console.c
 
Building file: ../drivers/fsl_clock.c
Invoking: MCU C Compiler
arm-none-eabi-gcc -std=gnu99 -D__REDLIB__ -DCPU_LPC55S69JBD100 -DCPU_LPC55S69JBD100_cm33 -DCPU_LPC55S69JBD100_cm33_core0 -DMCUXPRESSO_SDK -DSDK_DEBUGCONSOLE=1 -DCR_INTEGER_PRINTF -DPRINTF_FLOAT_ENABLE=0 -D__MCUXPRESSO -D__USE_CMSIS -DDEBUG -I"E:\Ishwarya\IBootRepo\IBoot\IBootLPC55s69\board" -I"E:\Ishwarya\IBootRepo\IBoot\IBootLPC55s69\source" -I"E:\Ishwarya\IBootRepo\IBoot\IBootLPC55s69\utilities" -I"E:\Ishwarya\IBootRepo\IBoot\IBootLPC55s69\drivers" -I"E:\Ishwarya\IBootRepo\IBoot\IBootLPC55s69\LPC55S69\drivers" -I"E:\Ishwarya\IBootRepo\IBoot\IBootLPC55s69\device" -I"E:\Ishwarya\IBootRepo\IBoot\IBootLPC55s69\startup" -I"E:\Ishwarya\IBootRepo\IBoot\IBootLPC55s69\component\uart" -I"E:\Ishwarya\IBootRepo\IBoot\IBootLPC55s69\component\lists" -I"E:\Ishwarya\IBootRepo\IBoot\IBootLPC55s69\CMSIS" -O0 -fno-common -g3 -mcpu=cortex-m33 -c -ffunction-sections -fdata-sections -ffreestanding -fno-builtin -fmerge-constants -fmacro-prefix-map="../drivers/"=. -mcpu=cortex-m33 -mfpu=fpv5-sp-d16 -mfloat-abi=hard -mthumb -D__REDLIB__ -fstack-usage -specs=redlib.specs -MMD -MP -MF"drivers/fsl_clock.d" -MT"drivers/fsl_clock.o" -MT"drivers/fsl_clock.d" -o "drivers/fsl_clock.o" "../drivers/fsl_clock.c"
Finished building: ../source/semihost_hardfault.c
Finished building: ../source/IBoot.c
 
 
Building file: ../drivers/fsl_common.c
Building file: ../drivers/fsl_common_arm.c
Invoking: MCU C Compiler
arm-none-eabi-gcc -std=gnu99 -D__REDLIB__ -DCPU_LPC55S69JBD100 -DCPU_LPC55S69JBD100_cm33 -DCPU_LPC55S69JBD100_cm33_core0 -DMCUXPRESSO_SDK -DSDK_DEBUGCONSOLE=1 -DCR_INTEGER_PRINTF -DPRINTF_FLOAT_ENABLE=0 -D__MCUXPRESSO -D__USE_CMSIS -DDEBUG -I"E:\Ishwarya\IBootRepo\IBoot\IBootLPC55s69\board" -I"E:\Ishwarya\IBootRepo\IBoot\IBootLPC55s69\source" -I"E:\Ishwarya\IBootRepo\IBoot\IBootLPC55s69\utilities" -I"E:\Ishwarya\IBootRepo\IBoot\IBootLPC55s69\drivers" -I"E:\Ishwarya\IBootRepo\IBoot\IBootLPC55s69\LPC55S69\drivers" -I"E:\Ishwarya\IBootRepo\IBoot\IBootLPC55s69\device" -I"E:\Ishwarya\IBootRepo\IBoot\IBootLPC55s69\startup" -I"E:\Ishwarya\IBootRepo\IBoot\IBootLPC55s69\component\uart" -I"E:\Ishwarya\IBootRepo\IBoot\IBootLPC55s69\component\lists" -I"E:\Ishwarya\IBootRepo\IBoot\IBootLPC55s69\CMSIS" -O0 -fno-common -g3 -mcpu=cortex-m33 -c -ffunction-sections -fdata-sections -ffreestanding -fno-builtin -fmerge-constants -fmacro-prefix-map="../drivers/"=. -mcpu=cortex-m33 -mfpu=fpv5-sp-d16 -mfloat-abi=hard -mthumb -D__REDLIB__ -fstack-usage -specs=redlib.specs -MMD -MP -MF"drivers/fsl_common.d" -MT"drivers/fsl_common.o" -MT"drivers/fsl_common.d" -o "drivers/fsl_common.o" "../drivers/fsl_common.c"
Invoking: MCU C Compiler
arm-none-eabi-gcc -std=gnu99 -D__REDLIB__ -DCPU_LPC55S69JBD100 -DCPU_LPC55S69JBD100_cm33 -DCPU_LPC55S69JBD100_cm33_core0 -DMCUXPRESSO_SDK -DSDK_DEBUGCONSOLE=1 -DCR_INTEGER_PRINTF -DPRINTF_FLOAT_ENABLE=0 -D__MCUXPRESSO -D__USE_CMSIS -DDEBUG -I"E:\Ishwarya\IBootRepo\IBoot\IBootLPC55s69\board" -I"E:\Ishwarya\IBootRepo\IBoot\IBootLPC55s69\source" -I"E:\Ishwarya\IBootRepo\IBoot\IBootLPC55s69\utilities" -I"E:\Ishwarya\IBootRepo\IBoot\IBootLPC55s69\drivers" -I"E:\Ishwarya\IBootRepo\IBoot\IBootLPC55s69\LPC55S69\drivers" -I"E:\Ishwarya\IBootRepo\IBoot\IBootLPC55s69\device" -I"E:\Ishwarya\IBootRepo\IBoot\IBootLPC55s69\startup" -I"E:\Ishwarya\IBootRepo\IBoot\IBootLPC55s69\component\uart" -I"E:\Ishwarya\IBootRepo\IBoot\IBootLPC55s69\component\lists" -I"E:\Ishwarya\IBootRepo\IBoot\IBootLPC55s69\CMSIS" -O0 -fno-common -g3 -mcpu=cortex-m33 -c -ffunction-sections -fdata-sections -ffreestanding -fno-builtin -fmerge-constants -fmacro-prefix-map="../drivers/"=. -mcpu=cortex-m33 -mfpu=fpv5-sp-d16 -mfloat-abi=hard -mthumb -D__REDLIB__ -fstack-usage -specs=redlib.specs -MMD -MP -MF"drivers/fsl_common_arm.d" -MT"drivers/fsl_common_arm.o" -MT"drivers/fsl_common_arm.d" -o "drivers/fsl_common_arm.o" "../drivers/fsl_common_arm.c"
Finished building: ../source/IBoot_App.c
 
Building file: ../drivers/fsl_flexcomm.c
Invoking: MCU C Compiler
arm-none-eabi-gcc -std=gnu99 -D__REDLIB__ -DCPU_LPC55S69JBD100 -DCPU_LPC55S69JBD100_cm33 -DCPU_LPC55S69JBD100_cm33_core0 -DMCUXPRESSO_SDK -DSDK_DEBUGCONSOLE=1 -DCR_INTEGER_PRINTF -DPRINTF_FLOAT_ENABLE=0 -D__MCUXPRESSO -D__USE_CMSIS -DDEBUG -I"E:\Ishwarya\IBootRepo\IBoot\IBootLPC55s69\board" -I"E:\Ishwarya\IBootRepo\IBoot\IBootLPC55s69\source" -I"E:\Ishwarya\IBootRepo\IBoot\IBootLPC55s69\utilities" -I"E:\Ishwarya\IBootRepo\IBoot\IBootLPC55s69\drivers" -I"E:\Ishwarya\IBootRepo\IBoot\IBootLPC55s69\LPC55S69\drivers" -I"E:\Ishwarya\IBootRepo\IBoot\IBootLPC55s69\device" -I"E:\Ishwarya\IBootRepo\IBoot\IBootLPC55s69\startup" -I"E:\Ishwarya\IBootRepo\IBoot\IBootLPC55s69\component\uart" -I"E:\Ishwarya\IBootRepo\IBoot\IBootLPC55s69\component\lists" -I"E:\Ishwarya\IBootRepo\IBoot\IBootLPC55s69\CMSIS" -O0 -fno-common -g3 -mcpu=cortex-m33 -c -ffunction-sections -fdata-sections -ffreestanding -fno-builtin -fmerge-constants -fmacro-prefix-map="../drivers/"=. -mcpu=cortex-m33 -mfpu=fpv5-sp-d16 -mfloat-abi=hard -mthumb -D__REDLIB__ -fstack-usage -specs=redlib.specs -MMD -MP -MF"drivers/fsl_flexcomm.d" -MT"drivers/fsl_flexcomm.o" -MT"drivers/fsl_flexcomm.d" -o "drivers/fsl_flexcomm.o" "../drivers/fsl_flexcomm.c"
Finished building: ../drivers/fsl_clock.c
 
Building file: ../drivers/fsl_gpio.c
Invoking: MCU C Compiler
arm-none-eabi-gcc -std=gnu99 -D__REDLIB__ -DCPU_LPC55S69JBD100 -DCPU_LPC55S69JBD100_cm33 -DCPU_LPC55S69JBD100_cm33_core0 -DMCUXPRESSO_SDK -DSDK_DEBUGCONSOLE=1 -DCR_INTEGER_PRINTF -DPRINTF_FLOAT_ENABLE=0 -D__MCUXPRESSO -D__USE_CMSIS -DDEBUG -I"E:\Ishwarya\IBootRepo\IBoot\IBootLPC55s69\board" -I"E:\Ishwarya\IBootRepo\IBoot\IBootLPC55s69\source" -I"E:\Ishwarya\IBootRepo\IBoot\IBootLPC55s69\utilities" -I"E:\Ishwarya\IBootRepo\IBoot\IBootLPC55s69\drivers" -I"E:\Ishwarya\IBootRepo\IBoot\IBootLPC55s69\LPC55S69\drivers" -I"E:\Ishwarya\IBootRepo\IBoot\IBootLPC55s69\device" -I"E:\Ishwarya\IBootRepo\IBoot\IBootLPC55s69\startup" -I"E:\Ishwarya\IBootRepo\IBoot\IBootLPC55s69\component\uart" -I"E:\Ishwarya\IBootRepo\IBoot\IBootLPC55s69\component\lists" -I"E:\Ishwarya\IBootRepo\IBoot\IBootLPC55s69\CMSIS" -O0 -fno-common -g3 -mcpu=cortex-m33 -c -ffunction-sections -fdata-sections -ffreestanding -fno-builtin -fmerge-constants -fmacro-prefix-map="../drivers/"=. -mcpu=cortex-m33 -mfpu=fpv5-sp-d16 -mfloat-abi=hard -mthumb -D__REDLIB__ -fstack-usage -specs=redlib.specs -MMD -MP -MF"drivers/fsl_gpio.d" -MT"drivers/fsl_gpio.o" -MT"drivers/fsl_gpio.d" -o "drivers/fsl_gpio.o" "../drivers/fsl_gpio.c"
Finished building: ../drivers/fsl_common_arm.c
 
Finished building: ../drivers/fsl_common.c
Building file: ../drivers/fsl_reset.c
 
Invoking: MCU C Compiler
arm-none-eabi-gcc -std=gnu99 -D__REDLIB__ -DCPU_LPC55S69JBD100 -DCPU_LPC55S69JBD100_cm33 -DCPU_LPC55S69JBD100_cm33_core0 -DMCUXPRESSO_SDK -DSDK_DEBUGCONSOLE=1 -DCR_INTEGER_PRINTF -DPRINTF_FLOAT_ENABLE=0 -D__MCUXPRESSO -D__USE_CMSIS -DDEBUG -I"E:\Ishwarya\IBootRepo\IBoot\IBootLPC55s69\board" -I"E:\Ishwarya\IBootRepo\IBoot\IBootLPC55s69\source" -I"E:\Ishwarya\IBootRepo\IBoot\IBootLPC55s69\utilities" -I"E:\Ishwarya\IBootRepo\IBoot\IBootLPC55s69\drivers" -I"E:\Ishwarya\IBootRepo\IBoot\IBootLPC55s69\LPC55S69\drivers" -I"E:\Ishwarya\IBootRepo\IBoot\IBootLPC55s69\device" -I"E:\Ishwarya\IBootRepo\IBoot\IBootLPC55s69\startup" -I"E:\Ishwarya\IBootRepo\IBoot\IBootLPC55s69\component\uart" -I"E:\Ishwarya\IBootRepo\IBoot\IBootLPC55s69\component\lists" -I"E:\Ishwarya\IBootRepo\IBoot\IBootLPC55s69\CMSIS" -O0 -fno-common -g3 -mcpu=cortex-m33 -c -ffunction-sections -fdata-sections -ffreestanding -fno-builtin -fmerge-constants -fmacro-prefix-map="../drivers/"=. -mcpu=cortex-m33 -mfpu=fpv5-sp-d16 -mfloat-abi=hard -mthumb -D__REDLIB__ -fstack-usage -specs=redlib.specs -MMD -MP -MF"drivers/fsl_reset.d" -MT"drivers/fsl_reset.o" -MT"drivers/fsl_reset.d" -o "drivers/fsl_reset.o" "../drivers/fsl_reset.c"
Building file: ../drivers/fsl_usart.c
Invoking: MCU C Compiler
arm-none-eabi-gcc -std=gnu99 -D__REDLIB__ -DCPU_LPC55S69JBD100 -DCPU_LPC55S69JBD100_cm33 -DCPU_LPC55S69JBD100_cm33_core0 -DMCUXPRESSO_SDK -DSDK_DEBUGCONSOLE=1 -DCR_INTEGER_PRINTF -DPRINTF_FLOAT_ENABLE=0 -D__MCUXPRESSO -D__USE_CMSIS -DDEBUG -I"E:\Ishwarya\IBootRepo\IBoot\IBootLPC55s69\board" -I"E:\Ishwarya\IBootRepo\IBoot\IBootLPC55s69\source" -I"E:\Ishwarya\IBootRepo\IBoot\IBootLPC55s69\utilities" -I"E:\Ishwarya\IBootRepo\IBoot\IBootLPC55s69\drivers" -I"E:\Ishwarya\IBootRepo\IBoot\IBootLPC55s69\LPC55S69\drivers" -I"E:\Ishwarya\IBootRepo\IBoot\IBootLPC55s69\device" -I"E:\Ishwarya\IBootRepo\IBoot\IBootLPC55s69\startup" -I"E:\Ishwarya\IBootRepo\IBoot\IBootLPC55s69\component\uart" -I"E:\Ishwarya\IBootRepo\IBoot\IBootLPC55s69\component\lists" -I"E:\Ishwarya\IBootRepo\IBoot\IBootLPC55s69\CMSIS" -O0 -fno-common -g3 -mcpu=cortex-m33 -c -ffunction-sections -fdata-sections -ffreestanding -fno-builtin -fmerge-constants -fmacro-prefix-map="../drivers/"=. -mcpu=cortex-m33 -mfpu=fpv5-sp-d16 -mfloat-abi=hard -mthumb -D__REDLIB__ -fstack-usage -specs=redlib.specs -MMD -MP -MF"drivers/fsl_usart.d" -MT"drivers/fsl_usart.o" -MT"drivers/fsl_usart.d" -o "drivers/fsl_usart.o" "../drivers/fsl_usart.c"
Finished building: ../drivers/fsl_flexcomm.c
 
Building file: ../device/system_LPC55S69_cm33_core0.c
Invoking: MCU C Compiler
arm-none-eabi-gcc -std=gnu99 -D__REDLIB__ -DCPU_LPC55S69JBD100 -DCPU_LPC55S69JBD100_cm33 -DCPU_LPC55S69JBD100_cm33_core0 -DMCUXPRESSO_SDK -DSDK_DEBUGCONSOLE=1 -DCR_INTEGER_PRINTF -DPRINTF_FLOAT_ENABLE=0 -D__MCUXPRESSO -D__USE_CMSIS -DDEBUG -I"E:\Ishwarya\IBootRepo\IBoot\IBootLPC55s69\board" -I"E:\Ishwarya\IBootRepo\IBoot\IBootLPC55s69\source" -I"E:\Ishwarya\IBootRepo\IBoot\IBootLPC55s69\utilities" -I"E:\Ishwarya\IBootRepo\IBoot\IBootLPC55s69\drivers" -I"E:\Ishwarya\IBootRepo\IBoot\IBootLPC55s69\LPC55S69\drivers" -I"E:\Ishwarya\IBootRepo\IBoot\IBootLPC55s69\device" -I"E:\Ishwarya\IBootRepo\IBoot\IBootLPC55s69\startup" -I"E:\Ishwarya\IBootRepo\IBoot\IBootLPC55s69\component\uart" -I"E:\Ishwarya\IBootRepo\IBoot\IBootLPC55s69\component\lists" -I"E:\Ishwarya\IBootRepo\IBoot\IBootLPC55s69\CMSIS" -O0 -fno-common -g3 -mcpu=cortex-m33 -c -ffunction-sections -fdata-sections -ffreestanding -fno-builtin -fmerge-constants -fmacro-prefix-map="../device/"=. -mcpu=cortex-m33 -mfpu=fpv5-sp-d16 -mfloat-abi=hard -mthumb -D__REDLIB__ -fstack-usage -specs=redlib.specs -MMD -MP -MF"device/system_LPC55S69_cm33_core0.d" -MT"device/system_LPC55S69_cm33_core0.o" -MT"device/system_LPC55S69_cm33_core0.d" -o "device/system_LPC55S69_cm33_core0.o" "../device/system_LPC55S69_cm33_core0.c"
Finished building: ../drivers/fsl_gpio.c
 
Building file: ../component/uart/fsl_adapter_usart.c
Finished building: ../drivers/fsl_reset.c
Invoking: MCU C Compiler
arm-none-eabi-gcc -std=gnu99 -D__REDLIB__ -DCPU_LPC55S69JBD100 -DCPU_LPC55S69JBD100_cm33 -DCPU_LPC55S69JBD100_cm33_core0 -DMCUXPRESSO_SDK -DSDK_DEBUGCONSOLE=1 -DCR_INTEGER_PRINTF -DPRINTF_FLOAT_ENABLE=0 -D__MCUXPRESSO -D__USE_CMSIS -DDEBUG -I"E:\Ishwarya\IBootRepo\IBoot\IBootLPC55s69\board" -I"E:\Ishwarya\IBootRepo\IBoot\IBootLPC55s69\source" -I"E:\Ishwarya\IBootRepo\IBoot\IBootLPC55s69\utilities" -I"E:\Ishwarya\IBootRepo\IBoot\IBootLPC55s69\drivers" -I"E:\Ishwarya\IBootRepo\IBoot\IBootLPC55s69\LPC55S69\drivers" -I"E:\Ishwarya\IBootRepo\IBoot\IBootLPC55s69\device" -I"E:\Ishwarya\IBootRepo\IBoot\IBootLPC55s69\startup" -I"E:\Ishwarya\IBootRepo\IBoot\IBootLPC55s69\component\uart" -I"E:\Ishwarya\IBootRepo\IBoot\IBootLPC55s69\component\lists" -I"E:\Ishwarya\IBootRepo\IBoot\IBootLPC55s69\CMSIS" -O0 -fno-common -g3 -mcpu=cortex-m33 -c -ffunction-sections -fdata-sections -ffreestanding -fno-builtin -fmerge-constants -fmacro-prefix-map="../component/uart/"=. -mcpu=cortex-m33 -mfpu=fpv5-sp-d16 -mfloat-abi=hard -mthumb -D__REDLIB__ -fstack-usage -specs=redlib.specs -MMD -MP -MF"component/uart/fsl_adapter_usart.d" -MT"component/uart/fsl_adapter_usart.o" -MT"component/uart/fsl_adapter_usart.d" -o "component/uart/fsl_adapter_usart.o" "../component/uart/fsl_adapter_usart.c"
 
Building file: ../component/lists/fsl_component_generic_list.c
Invoking: MCU C Compiler
arm-none-eabi-gcc -std=gnu99 -D__REDLIB__ -DCPU_LPC55S69JBD100 -DCPU_LPC55S69JBD100_cm33 -DCPU_LPC55S69JBD100_cm33_core0 -DMCUXPRESSO_SDK -DSDK_DEBUGCONSOLE=1 -DCR_INTEGER_PRINTF -DPRINTF_FLOAT_ENABLE=0 -D__MCUXPRESSO -D__USE_CMSIS -DDEBUG -I"E:\Ishwarya\IBootRepo\IBoot\IBootLPC55s69\board" -I"E:\Ishwarya\IBootRepo\IBoot\IBootLPC55s69\source" -I"E:\Ishwarya\IBootRepo\IBoot\IBootLPC55s69\utilities" -I"E:\Ishwarya\IBootRepo\IBoot\IBootLPC55s69\drivers" -I"E:\Ishwarya\IBootRepo\IBoot\IBootLPC55s69\LPC55S69\drivers" -I"E:\Ishwarya\IBootRepo\IBoot\IBootLPC55s69\device" -I"E:\Ishwarya\IBootRepo\IBoot\IBootLPC55s69\startup" -I"E:\Ishwarya\IBootRepo\IBoot\IBootLPC55s69\component\uart" -I"E:\Ishwarya\IBootRepo\IBoot\IBootLPC55s69\component\lists" -I"E:\Ishwarya\IBootRepo\IBoot\IBootLPC55s69\CMSIS" -O0 -fno-common -g3 -mcpu=cortex-m33 -c -ffunction-sections -fdata-sections -ffreestanding -fno-builtin -fmerge-constants -fmacro-prefix-map="../component/lists/"=. -mcpu=cortex-m33 -mfpu=fpv5-sp-d16 -mfloat-abi=hard -mthumb -D__REDLIB__ -fstack-usage -specs=redlib.specs -MMD -MP -MF"component/lists/fsl_component_generic_list.d" -MT"component/lists/fsl_component_generic_list.o" -MT"component/lists/fsl_component_generic_list.d" -o "component/lists/fsl_component_generic_list.o" "../component/lists/fsl_component_generic_list.c"
Finished building: ../drivers/fsl_usart.c
 
Building file: ../board/board.c
Finished building: ../device/system_LPC55S69_cm33_core0.c
Invoking: MCU C Compiler
arm-none-eabi-gcc -std=gnu99 -D__REDLIB__ -DCPU_LPC55S69JBD100 -DCPU_LPC55S69JBD100_cm33 -DCPU_LPC55S69JBD100_cm33_core0 -DMCUXPRESSO_SDK -DSDK_DEBUGCONSOLE=1 -DCR_INTEGER_PRINTF -DPRINTF_FLOAT_ENABLE=0 -D__MCUXPRESSO -D__USE_CMSIS -DDEBUG -I"E:\Ishwarya\IBootRepo\IBoot\IBootLPC55s69\board" -I"E:\Ishwarya\IBootRepo\IBoot\IBootLPC55s69\source" -I"E:\Ishwarya\IBootRepo\IBoot\IBootLPC55s69\utilities" -I"E:\Ishwarya\IBootRepo\IBoot\IBootLPC55s69\drivers" -I"E:\Ishwarya\IBootRepo\IBoot\IBootLPC55s69\LPC55S69\drivers" -I"E:\Ishwarya\IBootRepo\IBoot\IBootLPC55s69\device" -I"E:\Ishwarya\IBootRepo\IBoot\IBootLPC55s69\startup" -I"E:\Ishwarya\IBootRepo\IBoot\IBootLPC55s69\component\uart" -I"E:\Ishwarya\IBootRepo\IBoot\IBootLPC55s69\component\lists" -I"E:\Ishwarya\IBootRepo\IBoot\IBootLPC55s69\CMSIS" -O0 -fno-common -g3 -mcpu=cortex-m33 -c -ffunction-sections -fdata-sections -ffreestanding -fno-builtin -fmerge-constants -fmacro-prefix-map="../board/"=. -mcpu=cortex-m33 -mfpu=fpv5-sp-d16 -mfloat-abi=hard -mthumb -D__REDLIB__ -fstack-usage -specs=redlib.specs -MMD -MP -MF"board/board.d" -MT"board/board.o" -MT"board/board.d" -o "board/board.o" "../board/board.c"
 
Building file: ../board/clock_config.c
Invoking: MCU C Compiler
arm-none-eabi-gcc -std=gnu99 -D__REDLIB__ -DCPU_LPC55S69JBD100 -DCPU_LPC55S69JBD100_cm33 -DCPU_LPC55S69JBD100_cm33_core0 -DMCUXPRESSO_SDK -DSDK_DEBUGCONSOLE=1 -DCR_INTEGER_PRINTF -DPRINTF_FLOAT_ENABLE=0 -D__MCUXPRESSO -D__USE_CMSIS -DDEBUG -I"E:\Ishwarya\IBootRepo\IBoot\IBootLPC55s69\board" -I"E:\Ishwarya\IBootRepo\IBoot\IBootLPC55s69\source" -I"E:\Ishwarya\IBootRepo\IBoot\IBootLPC55s69\utilities" -I"E:\Ishwarya\IBootRepo\IBoot\IBootLPC55s69\drivers" -I"E:\Ishwarya\IBootRepo\IBoot\IBootLPC55s69\LPC55S69\drivers" -I"E:\Ishwarya\IBootRepo\IBoot\IBootLPC55s69\device" -I"E:\Ishwarya\IBootRepo\IBoot\IBootLPC55s69\startup" -I"E:\Ishwarya\IBootRepo\IBoot\IBootLPC55s69\component\uart" -I"E:\Ishwarya\IBootRepo\IBoot\IBootLPC55s69\component\lists" -I"E:\Ishwarya\IBootRepo\IBoot\IBootLPC55s69\CMSIS" -O0 -fno-common -g3 -mcpu=cortex-m33 -c -ffunction-sections -fdata-sections -ffreestanding -fno-builtin -fmerge-constants -fmacro-prefix-map="../board/"=. -mcpu=cortex-m33 -mfpu=fpv5-sp-d16 -mfloat-abi=hard -mthumb -D__REDLIB__ -fstack-usage -specs=redlib.specs -MMD -MP -MF"board/clock_config.d" -MT"board/clock_config.o" -MT"board/clock_config.d" -o "board/clock_config.o" "../board/clock_config.c"
Finished building: ../component/uart/fsl_adapter_usart.c
 
Building file: ../board/pin_mux.c
Invoking: MCU C Compiler
arm-none-eabi-gcc -std=gnu99 -D__REDLIB__ -DCPU_LPC55S69JBD100 -DCPU_LPC55S69JBD100_cm33 -DCPU_LPC55S69JBD100_cm33_core0 -DMCUXPRESSO_SDK -DSDK_DEBUGCONSOLE=1 -DCR_INTEGER_PRINTF -DPRINTF_FLOAT_ENABLE=0 -D__MCUXPRESSO -D__USE_CMSIS -DDEBUG -I"E:\Ishwarya\IBootRepo\IBoot\IBootLPC55s69\board" -I"E:\Ishwarya\IBootRepo\IBoot\IBootLPC55s69\source" -I"E:\Ishwarya\IBootRepo\IBoot\IBootLPC55s69\utilities" -I"E:\Ishwarya\IBootRepo\IBoot\IBootLPC55s69\drivers" -I"E:\Ishwarya\IBootRepo\IBoot\IBootLPC55s69\LPC55S69\drivers" -I"E:\Ishwarya\IBootRepo\IBoot\IBootLPC55s69\device" -I"E:\Ishwarya\IBootRepo\IBoot\IBootLPC55s69\startup" -I"E:\Ishwarya\IBootRepo\IBoot\IBootLPC55s69\component\uart" -I"E:\Ishwarya\IBootRepo\IBoot\IBootLPC55s69\component\lists" -I"E:\Ishwarya\IBootRepo\IBoot\IBootLPC55s69\CMSIS" -O0 -fno-common -g3 -mcpu=cortex-m33 -c -ffunction-sections -fdata-sections -ffreestanding -fno-builtin -fmerge-constants -fmacro-prefix-map="../board/"=. -mcpu=cortex-m33 -mfpu=fpv5-sp-d16 -mfloat-abi=hard -mthumb -D__REDLIB__ -fstack-usage -specs=redlib.specs -MMD -MP -MF"board/pin_mux.d" -MT"board/pin_mux.o" -MT"board/pin_mux.d" -o "board/pin_mux.o" "../board/pin_mux.c"
Finished building: ../component/lists/fsl_component_generic_list.c
 
Building file: ../LPC55S69/drivers/fsl_power.c
Invoking: MCU C Compiler
arm-none-eabi-gcc -std=gnu99 -D__REDLIB__ -DCPU_LPC55S69JBD100 -DCPU_LPC55S69JBD100_cm33 -DCPU_LPC55S69JBD100_cm33_core0 -DMCUXPRESSO_SDK -DSDK_DEBUGCONSOLE=1 -DCR_INTEGER_PRINTF -DPRINTF_FLOAT_ENABLE=0 -D__MCUXPRESSO -D__USE_CMSIS -DDEBUG -I"E:\Ishwarya\IBootRepo\IBoot\IBootLPC55s69\board" -I"E:\Ishwarya\IBootRepo\IBoot\IBootLPC55s69\source" -I"E:\Ishwarya\IBootRepo\IBoot\IBootLPC55s69\utilities" -I"E:\Ishwarya\IBootRepo\IBoot\IBootLPC55s69\drivers" -I"E:\Ishwarya\IBootRepo\IBoot\IBootLPC55s69\LPC55S69\drivers" -I"E:\Ishwarya\IBootRepo\IBoot\IBootLPC55s69\device" -I"E:\Ishwarya\IBootRepo\IBoot\IBootLPC55s69\startup" -I"E:\Ishwarya\IBootRepo\IBoot\IBootLPC55s69\component\uart" -I"E:\Ishwarya\IBootRepo\IBoot\IBootLPC55s69\component\lists" -I"E:\Ishwarya\IBootRepo\IBoot\IBootLPC55s69\CMSIS" -O0 -fno-common -g3 -mcpu=cortex-m33 -c -ffunction-sections -fdata-sections -ffreestanding -fno-builtin -fmerge-constants -fmacro-prefix-map="../LPC55S69/drivers/"=. -mcpu=cortex-m33 -mfpu=fpv5-sp-d16 -mfloat-abi=hard -mthumb -D__REDLIB__ -fstack-usage -specs=redlib.specs -MMD -MP -MF"LPC55S69/drivers/fsl_power.d" -MT"LPC55S69/drivers/fsl_power.o" -MT"LPC55S69/drivers/fsl_power.d" -o "LPC55S69/drivers/fsl_power.o" "../LPC55S69/drivers/fsl_power.c"
Finished building: ../board/board.c
 
Finished building: ../board/clock_config.c
 
Finished building: ../LPC55S69/drivers/fsl_power.c
 
Finished building: ../board/pin_mux.c
 
Building target: IBootLPC55s69.axf
Invoking: MCU Linker
arm-none-eabi-gcc -nostdlib -L"E:\Ishwarya\IBootRepo\IBoot\IBootLPC55s69\LPC55S69\mcuxpresso" -Xlinker -Map="IBootLPC55s69.map" -Xlinker --gc-sections -Xlinker -print-memory-usage -Xlinker --sort-section=alignment -Xlinker --cref -mcpu=cortex-m33 -mfpu=fpv5-sp-d16 -mfloat-abi=hard -mthumb -T IBootLPC55s69_Debug.ld -o "IBootLPC55s69.axf"  ./utilities/fsl_assert.o ./utilities/fsl_debug_console.o  ./startup/boot_multicore_slave.o ./startup/startup_lpc55s69_cm33_core0.o  ./source/IBoot.o ./source/IBoot_App.o ./source/semihost_hardfault.o  ./drivers/fsl_clock.o ./drivers/fsl_common.o ./drivers/fsl_common_arm.o ./drivers/fsl_flexcomm.o ./drivers/fsl_gpio.o ./drivers/fsl_reset.o ./drivers/fsl_usart.o  ./device/system_LPC55S69_cm33_core0.o  ./component/uart/fsl_adapter_usart.o  ./component/lists/fsl_component_generic_list.o  ./board/board.o ./board/clock_config.o ./board/pin_mux.o  ./LPC55S69/drivers/fsl_power.o   -lpower_hardabi
Memory region         Used Size  Region Size  %age Used
   PROGRAM_FLASH:       13384 B       608 KB      2.15%
            SRAM:        8588 B       256 KB      3.28%
           SRAMX:          0 GB        32 KB      0.00%
         USB_RAM:          0 GB        16 KB      0.00%
           SRAM4:          0 GB        16 KB      0.00%
Finished building target: IBootLPC55s69.axf
 
make --no-print-directory post-build
Performing post-build steps
arm-none-eabi-size "IBootLPC55s69.axf"; # arm-none-eabi-objcopy -v -O binary "IBootLPC55s69.axf" "IBootLPC55s69.bin" ; # checksum -p LPC55S69 -d "IBootLPC55s69.bin";
   text	   data	    bss	    dec	    hex	filename
  13376	      8	   8580	  21964	   55cc	IBootLPC55s69.axf
 
20:28:28 **** Build of configuration Debug for project IBootLPC55s69 ****
make -r -j4 all 
make: Nothing to be done for 'all'.
20:28:34 **** Incremental Build of configuration Debug for project IBootLPC55s69 ****
make -r -j4 all 
make: Nothing to be done for 'all'.
