Archive member included to satisfy reference by file (symbol)

E:\Ishwarya\IBootRepo\IBootLPC55s69_hello_world\LPC55S69\mcuxpresso\libpower_hardabi.a(fsl_power_lib.o)
                              ./drivers/fsl_clock.o (POWER_SetVoltageForFreq)
c:/nxp/mcuxpressoide_11.4.1_6260/ide/plugins/com.nxp.mcuxpresso.tools.win32_11.4.0.202103011116/tools/bin/../lib/gcc/arm-none-eabi/10.2.1/../../../../arm-none-eabi/lib/thumb/v8-m.main+fp/hard\libcr_nohost_nf.a(_cr__main.o)
                              ./startup/startup_lpc55s69_cm33_core0.o (__main)
c:/nxp/mcuxpressoide_11.4.1_6260/ide/plugins/com.nxp.mcuxpresso.tools.win32_11.4.0.202103011116/tools/bin/../lib/gcc/arm-none-eabi/10.2.1/../../../../arm-none-eabi/lib/thumb/v8-m.main+fp/hard\libcr_c.a(memset.o)
                              ./drivers/fsl_clock.o (memset)
c:/nxp/mcuxpressoide_11.4.1_6260/ide/plugins/com.nxp.mcuxpresso.tools.win32_11.4.0.202103011116/tools/bin/../lib/gcc/arm-none-eabi/10.2.1/../../../../arm-none-eabi/lib/thumb/v8-m.main+fp/hard\libcr_c.a(alloc.o)
                              ./drivers/fsl_common.o (malloc)
c:/nxp/mcuxpressoide_11.4.1_6260/ide/plugins/com.nxp.mcuxpresso.tools.win32_11.4.0.202103011116/tools/bin/../lib/gcc/arm-none-eabi/10.2.1/../../../../arm-none-eabi/lib/thumb/v8-m.main+fp/hard\libcr_c.a(initio.o)
                              c:/nxp/mcuxpressoide_11.4.1_6260/ide/plugins/com.nxp.mcuxpresso.tools.win32_11.4.0.202103011116/tools/bin/../lib/gcc/arm-none-eabi/10.2.1/../../../../arm-none-eabi/lib/thumb/v8-m.main+fp/hard\libcr_nohost_nf.a(_cr__main.o) (_initio)
c:/nxp/mcuxpressoide_11.4.1_6260/ide/plugins/com.nxp.mcuxpresso.tools.win32_11.4.0.202103011116/tools/bin/../lib/gcc/arm-none-eabi/10.2.1/../../../../arm-none-eabi/lib/thumb/v8-m.main+fp/hard\libcr_c.a(setvbuf.o)
                              c:/nxp/mcuxpressoide_11.4.1_6260/ide/plugins/com.nxp.mcuxpresso.tools.win32_11.4.0.202103011116/tools/bin/../lib/gcc/arm-none-eabi/10.2.1/../../../../arm-none-eabi/lib/thumb/v8-m.main+fp/hard\libcr_c.a(initio.o) (setvbuf)
c:/nxp/mcuxpressoide_11.4.1_6260/ide/plugins/com.nxp.mcuxpresso.tools.win32_11.4.0.202103011116/tools/bin/../lib/gcc/arm-none-eabi/10.2.1/../../../../arm-none-eabi/lib/thumb/v8-m.main+fp/hard\libcr_c.a(strlen.o)
                              ./utilities/fsl_debug_console.o (strlen)
c:/nxp/mcuxpressoide_11.4.1_6260/ide/plugins/com.nxp.mcuxpresso.tools.win32_11.4.0.202103011116/tools/bin/../lib/gcc/arm-none-eabi/10.2.1/../../../../arm-none-eabi/lib/thumb/v8-m.main+fp/hard\libcr_c.a(memcpy.o)
                              c:/nxp/mcuxpressoide_11.4.1_6260/ide/plugins/com.nxp.mcuxpresso.tools.win32_11.4.0.202103011116/tools/bin/../lib/gcc/arm-none-eabi/10.2.1/../../../../arm-none-eabi/lib/thumb/v8-m.main+fp/hard\libcr_c.a(alloc.o) (memcpy)
c:/nxp/mcuxpressoide_11.4.1_6260/ide/plugins/com.nxp.mcuxpresso.tools.win32_11.4.0.202103011116/tools/bin/../lib/gcc/arm-none-eabi/10.2.1/../../../../arm-none-eabi/lib/thumb/v8-m.main+fp/hard\libcr_c.a(__init_alloc.o)
                              c:/nxp/mcuxpressoide_11.4.1_6260/ide/plugins/com.nxp.mcuxpresso.tools.win32_11.4.0.202103011116/tools/bin/../lib/gcc/arm-none-eabi/10.2.1/../../../../arm-none-eabi/lib/thumb/v8-m.main+fp/hard\libcr_c.a(alloc.o) (__heaps)
c:/nxp/mcuxpressoide_11.4.1_6260/ide/plugins/com.nxp.mcuxpresso.tools.win32_11.4.0.202103011116/tools/bin/../lib/gcc/arm-none-eabi/10.2.1/../../../../arm-none-eabi/lib/thumb/v8-m.main+fp/hard\libcr_c.a(_cr_sbrk.o)
                              c:/nxp/mcuxpressoide_11.4.1_6260/ide/plugins/com.nxp.mcuxpresso.tools.win32_11.4.0.202103011116/tools/bin/../lib/gcc/arm-none-eabi/10.2.1/../../../../arm-none-eabi/lib/thumb/v8-m.main+fp/hard\libcr_c.a(alloc.o) (_sbrk)
c:/nxp/mcuxpressoide_11.4.1_6260/ide/plugins/com.nxp.mcuxpresso.tools.win32_11.4.0.202103011116/tools/bin/../lib/gcc/arm-none-eabi/10.2.1/../../../../arm-none-eabi/lib/thumb/v8-m.main+fp/hard\libcr_c.a(_fdopen.o)
                              c:/nxp/mcuxpressoide_11.4.1_6260/ide/plugins/com.nxp.mcuxpresso.tools.win32_11.4.0.202103011116/tools/bin/../lib/gcc/arm-none-eabi/10.2.1/../../../../arm-none-eabi/lib/thumb/v8-m.main+fp/hard\libcr_c.a(initio.o) (_fdopen)
c:/nxp/mcuxpressoide_11.4.1_6260/ide/plugins/com.nxp.mcuxpresso.tools.win32_11.4.0.202103011116/tools/bin/../lib/gcc/arm-none-eabi/10.2.1/../../../../arm-none-eabi/lib/thumb/v8-m.main+fp/hard\libcr_c.a(errno.o)
                              c:/nxp/mcuxpressoide_11.4.1_6260/ide/plugins/com.nxp.mcuxpresso.tools.win32_11.4.0.202103011116/tools/bin/../lib/gcc/arm-none-eabi/10.2.1/../../../../arm-none-eabi/lib/thumb/v8-m.main+fp/hard\libcr_c.a(_cr_sbrk.o) (errno)
c:/nxp/mcuxpressoide_11.4.1_6260/ide/plugins/com.nxp.mcuxpresso.tools.win32_11.4.0.202103011116/tools/bin/../lib/gcc/arm-none-eabi/10.2.1/../../../../arm-none-eabi/lib/thumb/v8-m.main+fp/hard\libcr_c.a(fclose.o)
[...]
Memory Configuration

Name             Origin             Length             Attributes
PROGRAM_FLASH    0x00000000         0x00098000         xr
SRAM             0x20000000         0x00040000         xrw
SRAMX            0x04000000         0x00008000         xrw
USB_RAM          0x40100000         0x00004000         xrw
SRAM4            0x20040000         0x00004000         xrw
*default*        0x00000000         0xffffffff

Linker script and memory map

LOAD ./utilities/fsl_assert.o
LOAD ./utilities/fsl_debug_console.o
LOAD ./startup/boot_multicore_slave.o
LOAD ./startup/startup_lpc55s69_cm33_core0.o
LOAD ./source/hello_world.o
LOAD ./source/semihost_hardfault.o
LOAD ./drivers/fsl_clock.o
LOAD ./drivers/fsl_common.o
LOAD ./drivers/fsl_common_arm.o
LOAD ./drivers/fsl_flexcomm.o
LOAD ./drivers/fsl_gpio.o
LOAD ./drivers/fsl_reset.o
LOAD ./drivers/fsl_usart.o
LOAD ./device/system_LPC55S69_cm33_core0.o
LOAD ./component/uart/fsl_adapter_usart.o
LOAD ./component/lists/fsl_component_generic_list.o
LOAD ./board/board.o
LOAD ./board/clock_config.o
LOAD ./board/pin_mux.o
LOAD ./LPC55S69/drivers/fsl_power.o
LOAD E:\Ishwarya\IBootRepo\IBootLPC55s69_hello_world\LPC55S69\mcuxpresso\libpower_hardabi.a
START GROUP
LOAD c:/nxp/mcuxpressoide_11.4.1_6260/ide/plugins/com.nxp.mcuxpresso.tools.win32_11.4.0.202103011116/tools/bin/../lib/gcc/arm-none-eabi/10.2.1/../../../../arm-none-eabi/lib/thumb/v8-m.main+fp/hard\libcr_nohost_nf.a
LOAD c:/nxp/mcuxpressoide_11.4.1_6260/ide/plugins/com.nxp.mcuxpresso.tools.win32_11.4.0.202103011116/tools/bin/../lib/gcc/arm-none-eabi/10.2.1/../../../../arm-none-eabi/lib/thumb/v8-m.main+fp/hard\libcr_c.a
LOAD c:/nxp/mcuxpressoide_11.4.1_6260/ide/plugins/com.nxp.mcuxpresso.tools.win32_11.4.0.202103011116/tools/bin/../lib/gcc/arm-none-eabi/10.2.1/thumb/v8-m.main+fp/hard\libcr_eabihelpers.a
LOAD c:/nxp/mcuxpressoide_11.4.1_6260/ide/plugins/com.nxp.mcuxpresso.tools.win32_11.4.0.202103011116/tools/bin/../lib/gcc/arm-none-eabi/10.2.1/thumb/v8-m.main+fp/hard\libgcc.a
END GROUP
                0x00000000                __base_PROGRAM_FLASH = 0x0
                0x00000000                __base_Flash = 0x0
                0x00098000                __top_PROGRAM_FLASH = 0x98000
                0x00098000                __top_Flash = 0x98000
                0x20000000                __base_SRAM = 0x20000000
                0x20000000                __base_RAM = 0x20000000
                0x20040000                __top_SRAM = 0x20040000
                0x20040000                __top_RAM = 0x20040000
                0x04000000                __base_SRAMX = 0x4000000
                0x04000000                __base_RAM2 = 0x4000000
                0x04008000                __top_SRAMX = 0x4008000
                0x04008000                __top_RAM2 = 0x4008000
                0x40100000                __base_USB_RAM = 0x40100000
                0x40100000                __base_RAM3 = 0x40100000
                0x40104000                __top_USB_RAM = 0x40104000
                0x40104000                __top_RAM3 = 0x40104000
                0x20040000                __base_SRAM4 = 0x20040000
                0x20040000                __base_RAM4 = 0x20040000
                0x20044000                __top_SRAM4 = 0x20044000
                0x20044000                __top_RAM4 = 0x20044000

.text           0x00000000     0x3098
 FILL mask 0xff
                0x00000000                __vectors_start__ = ABSOLUTE (.)
 *(SORT_BY_ALIGNMENT(.isr_vector))
 .isr_vector    0x00000000      0x130 ./startup/startup_lpc55s69_cm33_core0.o
                0x00000000                g_pfnVectors
                0x00000000                __Vectors
                0x00000130                . = ALIGN (0x4)
                0x00000130                __section_table_start = .
                0x00000130                __data_section_table = .
                0x00000130        0x4 LONG 0x3098 LOADADDR (.data)
                0x00000134        0x4 LONG 0x20000000 ADDR (.data)
                0x00000138        0x4 LONG 0x8 SIZEOF (.data)
                0x0000013c        0x4 LONG 0x3098 LOADADDR (.data_RAM2)
                0x00000140        0x4 LONG 0x4000000 ADDR (.data_RAM2)
                0x00000144        0x4 LONG 0x0 SIZEOF (.data_RAM2)
                0x00000148        0x4 LONG 0x3098 LOADADDR (.data_RAM3)
                0x0000014c        0x4 LONG 0x40100000 ADDR (.data_RAM3)
                0x00000150        0x4 LONG 0x0 SIZEOF (.data_RAM3)
                0x00000154        0x4 LONG 0x3098 LOADADDR (.data_RAM4)
                0x00000158        0x4 LONG 0x20040000 ADDR (.data_RAM4)
                0x0000015c        0x4 LONG 0x0 SIZEOF (.data_RAM4)
                0x00000160                __data_section_table_end = .
                0x00000160                __bss_section_table = .
                0x00000160        0x4 LONG 0x20000008 ADDR (.bss)
                0x00000164        0x4 LONG 0x118 SIZEOF (.bss)
                0x00000168        0x4 LONG 0x4000000 ADDR (.bss_RAM2)
                0x0000016c        0x4 LONG 0x0 SIZEOF (.bss_RAM2)
                0x00000170        0x4 LONG 0x40100000 ADDR (.bss_RAM3)
                0x00000174        0x4 LONG 0x0 SIZEOF (.bss_RAM3)
                0x00000178        0x4 LONG 0x20040000 ADDR (.bss_RAM4)
                0x0000017c        0x4 LONG 0x0 SIZEOF (.bss_RAM4)
                0x00000180                __bss_section_table_end = .
                0x00000180                __section_table_end = .
 *(SORT_BY_ALIGNMENT(.after_vectors*))
 .after_vectors.reset
                0x00000180       0x68 ./startup/startup_lpc55s69_cm33_core0.o
                0x00000180                ResetISR
 .after_vectors.init_data
                0x000001e8       0x1e ./startup/startup_lpc55s69_cm33_core0.o
                0x000001e8                data_init
 .after_vectors.init_bss
                0x00000206       0x12 ./startup/startup_lpc55s69_cm33_core0.o
                0x00000206                bss_init
 .after_vectors
                0x00000218       0x16 ./startup/startup_lpc55s69_cm33_core0.o
                0x00000218                NMI_Handler
                0x0000021c                MemManage_Handler
                0x0000021e                BusFault_Handler
                0x00000220                UsageFault_Handler
                0x00000222                SecureFault_Handler
                0x00000224                SVC_Handler
                0x00000226                DebugMon_Handler
                0x00000228                PendSV_Handler
                0x0000022a                SysTick_Handler
                0x0000022c                Reserved56_DriverIRQHandler
                0x0000022c                PIN_INT0_DriverIRQHandler
                0x0000022c                CTIMER2_DriverIRQHandler
                0x0000022c                PIN_INT2_DriverIRQHandler
                0x0000022c                PIN_INT3_DriverIRQHandler
                0x0000022c                IntDefaultHandler
                0x0000022c                USB0_DriverIRQHandler
                0x0000022c                CASER_DriverIRQHandler
                0x0000022c                MRT0_DriverIRQHandler
                0x0000022c                UTICK0_DriverIRQHandler
                0x0000022c                Reserved41_DriverIRQHandler
                0x0000022c                PIN_INT4_DriverIRQHandler
                0x0000022c                PIN_INT5_DriverIRQHandler
                0x0000022c                SEC_GPIO_INT0_IRQ0_DriverIRQHandler
                0x0000022c                CTIMER4_DriverIRQHandler
                0x0000022c                GINT1_DriverIRQHandler
                0x0000022c                PIN_INT7_DriverIRQHandler
                0x0000022c                Reserved55_DriverIRQHandler
                0x0000022c                SEC_VIO_DriverIRQHandler
                0x0000022c                USB0_NEEDCLK_DriverIRQHandler
                0x0000022c                CTIMER0_DriverIRQHandler
                0x0000022c                CTIMER1_DriverIRQHandler
                0x0000022c                Reserved42_DriverIRQHandler
                0x0000022c                PIN_INT6_DriverIRQHandler
                0x0000022c                PQ_DriverIRQHandler
                0x0000022c                MAILBOX_DriverIRQHandler
                0x0000022c                PIN_INT1_DriverIRQHandler
                0x0000022c                CTIMER3_DriverIRQHandler
                0x0000022c                Reserved61_DriverIRQHandler
                0x0000022c                SEC_GPIO_INT0_IRQ1_DriverIRQHandler
                0x0000022c                PUF_DriverIRQHandler
                0x0000022c                RTC_DriverIRQHandler
                0x0000022c                DMA0_DriverIRQHandler
                0x0000022c                Reserved39_DriverIRQHandler
                0x0000022c                USB1_DriverIRQHandler
                0x0000022c                Reserved60_DriverIRQHandler
                0x0000022c                DMA1_DriverIRQHandler
                0x0000022c                ADC0_DriverIRQHandler
                0x0000022c                USB1_NEEDCLK_DriverIRQHandler
                0x0000022c                Reserved59_DriverIRQHandler
                0x0000022c                SDIO_DriverIRQHandler
                0x0000022c                GINT0_DriverIRQHandler
                0x0000022c                USB1_PHY_DriverIRQHandler
                0x0000022c                ACMP_DriverIRQHandler
                0x0000022c                Reserved57_DriverIRQHandler
                0x0000022c                HASHCRYPT_DriverIRQHandler
                0x0000022c                Reserved46_DriverIRQHandler
                0x0000022c                WDT_BOD_DriverIRQHandler
                0x0000022c                SCT0_DriverIRQHandler
                0x0000022c                PLU_DriverIRQHandler
                0x0000022c                OS_EVENT_DriverIRQHandler
                0x0000022c                SEC_HYPERVISOR_CALL_DriverIRQHandler
 *(SORT_BY_ALIGNMENT(.text*))
 *fill*         0x0000022e        0x2 ff
 .text.__assertion_failed
                0x00000230       0x18 ./utilities/fsl_assert.o
                0x00000230                __assertion_failed
 .text.DbgConsole_Init
                0x00000248       0x74 ./utilities/fsl_debug_console.o
                0x00000248                DbgConsole_Init
 .text.DbgConsole_Printf
                0x000002bc       0x40 ./utilities/fsl_debug_console.o
                0x000002bc                DbgConsole_Printf
 .text.DbgConsole_Putchar
                0x000002fc       0x30 ./utilities/fsl_debug_console.o
                0x000002fc                DbgConsole_Putchar
 .text.DbgConsole_Getchar
                0x0000032c       0x3c ./utilities/fsl_debug_console.o
                0x0000032c                DbgConsole_Getchar
 .text.DbgConsole_PrintfFormattedData
                0x00000368      0x3bc ./utilities/fsl_debug_console.o
 .text.POWER_SetBodVbatLevel
                0x00000724       0x58 ./source/hello_world.o
 .text.main     0x0000077c       0x40 ./source/hello_world.o
                0x0000077c                main
 .text.POWER_EnablePD
                0x000007bc       0x20 ./drivers/fsl_clock.o
 .text.POWER_DisablePD
                0x000007dc       0x20 ./drivers/fsl_clock.o
 .text.CLOCK_AttachClk
                0x000007fc       0x98 ./drivers/fsl_clock.o
                0x000007fc                CLOCK_AttachClk
 .text.CLOCK_SetClkDiv
                0x00000894       0x80 ./drivers/fsl_clock.o
                0x00000894                CLOCK_SetClkDiv
 .text.CLOCK_SetupFROClocking
                0x00000914       0x80 ./drivers/fsl_clock.o
                0x00000914                CLOCK_SetupFROClocking
 .text.CLOCK_SetFLASHAccessCyclesForFreq
                0x00000994      0x148 ./drivers/fsl_clock.o
                0x00000994                CLOCK_SetFLASHAccessCyclesForFreq
 .text.CLOCK_SetupExtClocking
                0x00000adc       0x50 ./drivers/fsl_clock.o
                0x00000adc                CLOCK_SetupExtClocking
 .text.CLOCK_GetFro1MFreq
                0x00000b2c       0x28 ./drivers/fsl_clock.o
                0x00000b2c                CLOCK_GetFro1MFreq
 .text.CLOCK_GetExtClkFreq
                0x00000b54       0x2c ./drivers/fsl_clock.o
                0x00000b54                CLOCK_GetExtClkFreq
 .text.CLOCK_GetOsc32KFreq
                0x00000b80       0x58 ./drivers/fsl_clock.o
                0x00000b80                CLOCK_GetOsc32KFreq
 .text.CLOCK_GetPLL0InClockRate
                0x00000bd8       0x64 ./drivers/fsl_clock.o
                0x00000bd8                CLOCK_GetPLL0InClockRate
 .text.CLOCK_SetPLL0Freq
                0x00000c3c      0x12c ./drivers/fsl_clock.o
                0x00000c3c                CLOCK_SetPLL0Freq
 .text.SDK_DelayAtLeastUs
                0x00000d68       0x8c ./drivers/fsl_common_arm.o
                0x00000d68                SDK_DelayAtLeastUs
 .text.FLEXCOMM_GetInstance
                0x00000df4       0x50 ./drivers/fsl_flexcomm.o
                0x00000df4                FLEXCOMM_GetInstance
 .text.FLEXCOMM_Init
                0x00000e44       0x50 ./drivers/fsl_flexcomm.o
                0x00000e44                FLEXCOMM_Init
 .text.FLEXCOMM0_DriverIRQHandler
                0x00000e94       0x5c ./drivers/fsl_flexcomm.o
                0x00000e94                FLEXCOMM0_DriverIRQHandler
 .text.FLEXCOMM1_DriverIRQHandler
                0x00000ef0       0x5c ./drivers/fsl_flexcomm.o
                0x00000ef0                FLEXCOMM1_DriverIRQHandler
 .text.FLEXCOMM2_DriverIRQHandler
                0x00000f4c       0x5c ./drivers/fsl_flexcomm.o
                0x00000f4c                FLEXCOMM2_DriverIRQHandler
 .text.FLEXCOMM3_DriverIRQHandler
                0x00000fa8       0x5c ./drivers/fsl_flexcomm.o
                0x00000fa8                FLEXCOMM3_DriverIRQHandler
 .text.FLEXCOMM4_DriverIRQHandler
                0x00001004       0x5c ./drivers/fsl_flexcomm.o
                0x00001004                FLEXCOMM4_DriverIRQHandler
 .text.FLEXCOMM5_DriverIRQHandler
                0x00001060       0x5c ./drivers/fsl_flexcomm.o
                0x00001060                FLEXCOMM5_DriverIRQHandler
 .text.FLEXCOMM6_DriverIRQHandler
                0x000010bc       0x5c ./drivers/fsl_flexcomm.o
                0x000010bc                FLEXCOMM6_DriverIRQHandler
 .text.FLEXCOMM7_DriverIRQHandler
                0x00001118       0x5c ./drivers/fsl_flexcomm.o
                0x00001118                FLEXCOMM7_DriverIRQHandler
 .text.FLEXCOMM8_DriverIRQHandler
                0x00001174       0x5c ./drivers/fsl_flexcomm.o
                0x00001174                FLEXCOMM8_DriverIRQHandler
 .text.RESET_SetPeripheralReset
                0x000011d0       0x5c ./drivers/fsl_reset.o
                0x000011d0                RESET_SetPeripheralReset
 .text.RESET_ClearPeripheralReset
                0x0000122c       0x60 ./drivers/fsl_reset.o
                0x0000122c                RESET_ClearPeripheralReset
 .text.USART_Init
                0x0000128c      0x1cc ./drivers/fsl_usart.o
                0x0000128c                USART_Init
 .text.USART_GetDefaultConfig
                0x00001458       0x80 ./drivers/fsl_usart.o
                0x00001458                USART_GetDefaultConfig
 .text.USART_SetBaudRate
                0x000014d8      0x174 ./drivers/fsl_usart.o
                0x000014d8                USART_SetBaudRate
 .text.USART_WriteBlocking
                0x0000164c       0x8c ./drivers/fsl_usart.o
                0x0000164c                USART_WriteBlocking
 .text.USART_ReadBlocking
                0x000016d8      0x104 ./drivers/fsl_usart.o
                0x000016d8                USART_ReadBlocking
 .text.SystemInit
                0x000017dc       0x64 ./device/system_LPC55S69_cm33_core0.o
                0x000017dc                SystemInit
 .text.HAL_UartInitCommon
                0x00001840      0x110 ./component/uart/fsl_adapter_usart.o
 .text.HAL_UartReceiveBlocking
                0x00001950       0x6c ./component/uart/fsl_adapter_usart.o
                0x00001950                HAL_UartReceiveBlocking
 .text.HAL_UartSendBlocking
                0x000019bc       0x64 ./component/uart/fsl_adapter_usart.o
                0x000019bc                HAL_UartSendBlocking
 .text.BOARD_InitDebugConsole
                0x00001a20       0x38 ./board/board.o
                0x00001a20                BOARD_InitDebugConsole
 .text.POWER_DisablePD
                0x00001a58       0x20 ./board/clock_config.o
 .text.BOARD_BootClockPLL150M
                0x00001a78       0xe0 ./board/clock_config.o
                0x00001a78                BOARD_BootClockPLL150M
 .text.BOARD_InitPins
                0x00001b58       0x50 ./board/pin_mux.o
                0x00001b58                BOARD_InitPins
 .text.lowpower_set_system_voltage
                0x00001ba8       0xa0 E:\Ishwarya\IBootRepo\IBootLPC55s69_hello_world\LPC55S69\mcuxpresso\libpower_hardabi.a(fsl_power_lib.o)
 .text.lowpower_set_voltage_for_process
                0x00001c48       0x84 E:\Ishwarya\IBootRepo\IBootLPC55s69_hello_world\LPC55S69\mcuxpresso\libpower_hardabi.a(fsl_power_lib.o)
 .text.POWER_SetVoltageForFreq
                0x00001ccc       0x84 E:\Ishwarya\IBootRepo\IBootLPC55s69_hello_world\LPC55S69\mcuxpresso\libpower_hardabi.a(fsl_power_lib.o)
                0x00001ccc                POWER_SetVoltageForFreq
 .text._initio  0x00001d50       0x78 c:/nxp/mcuxpressoide_11.4.1_6260/ide/plugins/com.nxp.mcuxpresso.tools.win32_11.4.0.202103011116/tools/bin/../lib/gcc/arm-none-eabi/10.2.1/../../../../arm-none-eabi/lib/thumb/v8-m.main+fp/hard\libcr_c.a(initio.o)
                0x00001d50                _initio
 .text.fflush   0x00001dc8       0x3c c:/nxp/mcuxpressoide_11.4.1_6260/ide/plugins/com.nxp.mcuxpresso.tools.win32_11.4.0.202103011116/tools/bin/../lib/gcc/arm-none-eabi/10.2.1/../../../../arm-none-eabi/lib/thumb/v8-m.main+fp/hard\libcr_c.a(fflush.o)
                0x00001dc8                fflush
 .text.fseek    0x00001e04      0x100 c:/nxp/mcuxpressoide_11.4.1_6260/ide/plugins/com.nxp.mcuxpresso.tools.win32_11.4.0.202103011116/tools/bin/../lib/gcc/arm-none-eabi/10.2.1/../../../../arm-none-eabi/lib/thumb/v8-m.main+fp/hard\libcr_c.a(fseek.o)
                0x00001e04                fseek
 .text.ftell    0x00001f04       0x44 c:/nxp/mcuxpressoide_11.4.1_6260/ide/plugins/com.nxp.mcuxpresso.tools.win32_11.4.0.202103011116/tools/bin/../lib/gcc/arm-none-eabi/10.2.1/../../../../arm-none-eabi/lib/thumb/v8-m.main+fp/hard\libcr_c.a(ftell.o)
                0x00001f04                ftell
 .text._Cwritebuf
                0x00001f48       0x6c c:/nxp/mcuxpressoide_11.4.1_6260/ide/plugins/com.nxp.mcuxpresso.tools.win32_11.4.0.202103011116/tools/bin/../lib/gcc/arm-none-eabi/10.2.1/../../../../arm-none-eabi/lib/thumb/v8-m.main+fp/hard\libcr_c.a(_writebuf.o)
                0x00001f48                _Cwritebuf
 .text.DbgConsole_PrintfPaddingCharacter
                0x00001fb4       0x40 ./utilities/fsl_debug_console.o
 .text.DbgConsole_ConvertRadixNumToString
                0x00001ff4      0x114 ./utilities/fsl_debug_console.o
 .text.WDT_BOD_IRQHandler
                0x00002108        0x8 ./startup/startup_lpc55s69_cm33_core0.o
                0x00002108                WDT_BOD_IRQHandler
 .text.DMA0_IRQHandler
                0x00002110        0x8 ./startup/startup_lpc55s69_cm33_core0.o
                0x00002110                DMA0_IRQHandler
 .text.GINT0_IRQHandler
                0x00002118        0x8 ./startup/startup_lpc55s69_cm33_core0.o
                0x00002118                GINT0_IRQHandler
 .text.GINT1_IRQHandler
                0x00002120        0x8 ./startup/startup_lpc55s69_cm33_core0.o
                0x00002120                GINT1_IRQHandler
 .text.PIN_INT0_IRQHandler
                0x00002128        0x8 ./startup/startup_lpc55s69_cm33_core0.o
                0x00002128                PIN_INT0_IRQHandler
 .text.PIN_INT1_IRQHandler
                0x00002130        0x8 ./startup/startup_lpc55s69_cm33_core0.o
                0x00002130                PIN_INT1_IRQHandler
 .text.PIN_INT2_IRQHandler
                0x00002138        0x8 ./startup/startup_lpc55s69_cm33_core0.o
                0x00002138                PIN_INT2_IRQHandler
 .text.PIN_INT3_IRQHandler
                0x00002140        0x8 ./startup/startup_lpc55s69_cm33_core0.o
                0x00002140                PIN_INT3_IRQHandler
 .text.UTICK0_IRQHandler
                0x00002148        0x8 ./startup/startup_lpc55s69_cm33_core0.o
                0x00002148                UTICK0_IRQHandler
 .text.MRT0_IRQHandler
                0x00002150        0x8 ./startup/startup_lpc55s69_cm33_core0.o
                0x00002150                MRT0_IRQHandler
 .text.CTIMER0_IRQHandler
                0x00002158        0x8 ./startup/startup_lpc55s69_cm33_core0.o
                0x00002158                CTIMER0_IRQHandler
 .text.CTIMER1_IRQHandler
                0x00002160        0x8 ./startup/startup_lpc55s69_cm33_core0.o
                0x00002160                CTIMER1_IRQHandler
 .text.SCT0_IRQHandler
                0x00002168        0x8 ./startup/startup_lpc55s69_cm33_core0.o
                0x00002168                SCT0_IRQHandler
 .text.CTIMER3_IRQHandler
                0x00002170        0x8 ./startup/startup_lpc55s69_cm33_core0.o
                0x00002170                CTIMER3_IRQHandler
 .text.FLEXCOMM0_IRQHandler
                0x00002178        0x8 ./startup/startup_lpc55s69_cm33_core0.o
                0x00002178                FLEXCOMM0_IRQHandler
 .text.FLEXCOMM1_IRQHandler
                0x00002180        0x8 ./startup/startup_lpc55s69_cm33_core0.o
                0x00002180                FLEXCOMM1_IRQHandler
 .text.FLEXCOMM2_IRQHandler
                0x00002188        0x8 ./startup/startup_lpc55s69_cm33_core0.o
                0x00002188                FLEXCOMM2_IRQHandler
 .text.FLEXCOMM3_IRQHandler
                0x00002190        0x8 ./startup/startup_lpc55s69_cm33_core0.o
                0x00002190                FLEXCOMM3_IRQHandler
 .text.FLEXCOMM4_IRQHandler
                0x00002198        0x8 ./startup/startup_lpc55s69_cm33_core0.o
                0x00002198                FLEXCOMM4_IRQHandler
 .text.FLEXCOMM5_IRQHandler
                0x000021a0        0x8 ./startup/startup_lpc55s69_cm33_core0.o
                0x000021a0                FLEXCOMM5_IRQHandler
 .text.FLEXCOMM6_IRQHandler
                0x000021a8        0x8 ./startup/startup_lpc55s69_cm33_core0.o
                0x000021a8                FLEXCOMM6_IRQHandler
 .text.FLEXCOMM7_IRQHandler
                0x000021b0        0x8 ./startup/startup_lpc55s69_cm33_core0.o
                0x000021b0                FLEXCOMM7_IRQHandler
 .text.ADC0_IRQHandler
                0x000021b8        0x8 ./startup/startup_lpc55s69_cm33_core0.o
                0x000021b8                ADC0_IRQHandler
 .text.Reserved39_IRQHandler
                0x000021c0        0x8 ./startup/startup_lpc55s69_cm33_core0.o
                0x000021c0                Reserved39_IRQHandler
 .text.ACMP_IRQHandler
                0x000021c8        0x8 ./startup/startup_lpc55s69_cm33_core0.o
                0x000021c8                ACMP_IRQHandler
 .text.Reserved41_IRQHandler
                0x000021d0        0x8 ./startup/startup_lpc55s69_cm33_core0.o
                0x000021d0                Reserved41_IRQHandler
 .text.Reserved42_IRQHandler
                0x000021d8        0x8 ./startup/startup_lpc55s69_cm33_core0.o
                0x000021d8                Reserved42_IRQHandler
 .text.USB0_NEEDCLK_IRQHandler
                0x000021e0        0x8 ./startup/startup_lpc55s69_cm33_core0.o
                0x000021e0                USB0_NEEDCLK_IRQHandler
 .text.USB0_IRQHandler
                0x000021e8        0x8 ./startup/startup_lpc55s69_cm33_core0.o
                0x000021e8                USB0_IRQHandler
 .text.RTC_IRQHandler
                0x000021f0        0x8 ./startup/startup_lpc55s69_cm33_core0.o
                0x000021f0                RTC_IRQHandler
 .text.Reserved46_IRQHandler
                0x000021f8        0x8 ./startup/startup_lpc55s69_cm33_core0.o
                0x000021f8                Reserved46_IRQHandler
 .text.MAILBOX_IRQHandler
                0x00002200        0x8 ./startup/startup_lpc55s69_cm33_core0.o
                0x00002200                MAILBOX_IRQHandler
 .text.PIN_INT4_IRQHandler
                0x00002208        0x8 ./startup/startup_lpc55s69_cm33_core0.o
                0x00002208                PIN_INT4_IRQHandler
 .text.PIN_INT5_IRQHandler
                0x00002210        0x8 ./startup/startup_lpc55s69_cm33_core0.o
                0x00002210                PIN_INT5_IRQHandler
 .text.PIN_INT6_IRQHandler
                0x00002218        0x8 ./startup/startup_lpc55s69_cm33_core0.o
                0x00002218                PIN_INT6_IRQHandler
 .text.PIN_INT7_IRQHandler
                0x00002220        0x8 ./startup/startup_lpc55s69_cm33_core0.o
                0x00002220                PIN_INT7_IRQHandler
 .text.CTIMER2_IRQHandler
                0x00002228        0x8 ./startup/startup_lpc55s69_cm33_core0.o
                0x00002228                CTIMER2_IRQHandler
 .text.CTIMER4_IRQHandler
                0x00002230        0x8 ./startup/startup_lpc55s69_cm33_core0.o
                0x00002230                CTIMER4_IRQHandler
 .text.OS_EVENT_IRQHandler
                0x00002238        0x8 ./startup/startup_lpc55s69_cm33_core0.o
                0x00002238                OS_EVENT_IRQHandler
 .text.Reserved55_IRQHandler
                0x00002240        0x8 ./startup/startup_lpc55s69_cm33_core0.o
                0x00002240                Reserved55_IRQHandler
 .text.Reserved56_IRQHandler
                0x00002248        0x8 ./startup/startup_lpc55s69_cm33_core0.o
                0x00002248                Reserved56_IRQHandler
 .text.Reserved57_IRQHandler
                0x00002250        0x8 ./startup/startup_lpc55s69_cm33_core0.o
                0x00002250                Reserved57_IRQHandler
 .text.SDIO_IRQHandler
                0x00002258        0x8 ./startup/startup_lpc55s69_cm33_core0.o
                0x00002258                SDIO_IRQHandler
 .text.Reserved59_IRQHandler
                0x00002260        0x8 ./startup/startup_lpc55s69_cm33_core0.o
                0x00002260                Reserved59_IRQHandler
 .text.Reserved60_IRQHandler
                0x00002268        0x8 ./startup/startup_lpc55s69_cm33_core0.o
                0x00002268                Reserved60_IRQHandler
 .text.Reserved61_IRQHandler
                0x00002270        0x8 ./startup/startup_lpc55s69_cm33_core0.o
                0x00002270                Reserved61_IRQHandler
 .text.USB1_PHY_IRQHandler
                0x00002278        0x8 ./startup/startup_lpc55s69_cm33_core0.o
                0x00002278                USB1_PHY_IRQHandler
 .text.USB1_IRQHandler
                0x00002280        0x8 ./startup/startup_lpc55s69_cm33_core0.o
                0x00002280                USB1_IRQHandler
 .text.USB1_NEEDCLK_IRQHandler
                0x00002288        0x8 ./startup/startup_lpc55s69_cm33_core0.o
                0x00002288                USB1_NEEDCLK_IRQHandler
 .text.SEC_HYPERVISOR_CALL_IRQHandler
                0x00002290        0x8 ./startup/startup_lpc55s69_cm33_core0.o
                0x00002290                SEC_HYPERVISOR_CALL_IRQHandler
 .text.SEC_GPIO_INT0_IRQ0_IRQHandler
                0x00002298        0x8 ./startup/startup_lpc55s69_cm33_core0.o
                0x00002298                SEC_GPIO_INT0_IRQ0_IRQHandler
 .text.SEC_GPIO_INT0_IRQ1_IRQHandler
                0x000022a0        0x8 ./startup/startup_lpc55s69_cm33_core0.o
                0x000022a0                SEC_GPIO_INT0_IRQ1_IRQHandler
 .text.PLU_IRQHandler
                0x000022a8        0x8 ./startup/startup_lpc55s69_cm33_core0.o
                0x000022a8                PLU_IRQHandler
 .text.SEC_VIO_IRQHandler
                0x000022b0        0x8 ./startup/startup_lpc55s69_cm33_core0.o
                0x000022b0                SEC_VIO_IRQHandler
 .text.HASHCRYPT_IRQHandler
                0x000022b8        0x8 ./startup/startup_lpc55s69_cm33_core0.o
                0x000022b8                HASHCRYPT_IRQHandler
 .text.CASER_IRQHandler
                0x000022c0        0x8 ./startup/startup_lpc55s69_cm33_core0.o
                0x000022c0                CASER_IRQHandler
 .text.PUF_IRQHandler
                0x000022c8        0x8 ./startup/startup_lpc55s69_cm33_core0.o
                0x000022c8                PUF_IRQHandler
 .text.PQ_IRQHandler
                0x000022d0        0x8 ./startup/startup_lpc55s69_cm33_core0.o
                0x000022d0                PQ_IRQHandler
 .text.DMA1_IRQHandler
                0x000022d8        0x8 ./startup/startup_lpc55s69_cm33_core0.o
                0x000022d8                DMA1_IRQHandler
 .text.FLEXCOMM8_IRQHandler
                0x000022e0        0x8 ./startup/startup_lpc55s69_cm33_core0.o
                0x000022e0                FLEXCOMM8_IRQHandler
 .text.HardFault_Handler
                0x000022e8       0x2c ./source/semihost_hardfault.o
                0x000022e8                HardFault_Handler
 .text.CLOCK_IsPLL0Locked
                0x00002314       0x24 ./drivers/fsl_clock.o
 .text.findPll0PreDiv
                0x00002338       0x3e ./drivers/fsl_clock.o
 .text.DelayLoop
                0x00002376       0x20 ./drivers/fsl_common_arm.o
 .text.CLOCK_EnableClock
                0x00002396       0x30 ./drivers/fsl_flexcomm.o
 .text.FLEXCOMM_PeripheralIsPresent
                0x000023c6       0x64 ./drivers/fsl_flexcomm.o
 .text.FLEXCOMM_SetPeriph
                0x0000242a       0x74 ./drivers/fsl_flexcomm.o
 .text.RESET_PeripheralReset
                0x0000249e       0x1c ./drivers/fsl_reset.o
                0x0000249e                RESET_PeripheralReset
 .text.USART_EnableContinuousSCLK
                0x000024ba       0x38 ./drivers/fsl_usart.o
 .text.SystemInitHook
                0x000024f2        0xe ./device/system_LPC55S69_cm33_core0.o
                0x000024f2                SystemInitHook
 .text.HAL_UartGetStatus
                0x00002500       0x22 ./component/uart/fsl_adapter_usart.o
 .text.HAL_UartInit
                0x00002522       0x36 ./component/uart/fsl_adapter_usart.o
                0x00002522                HAL_UartInit
 .text.BOARD_InitBootClocks
                0x00002558        0xc ./board/clock_config.o
                0x00002558                BOARD_InitBootClocks
 .text.CLOCK_EnableClock
                0x00002564       0x30 ./board/pin_mux.o
 .text.IOCON_PinMuxSet
                0x00002594       0x2e ./board/pin_mux.o
 .text.BOARD_InitBootPins
                0x000025c2        0xc ./board/pin_mux.o
                0x000025c2                BOARD_InitBootPins
 .text.__main   0x000025ce        0xe c:/nxp/mcuxpressoide_11.4.1_6260/ide/plugins/com.nxp.mcuxpresso.tools.win32_11.4.0.202103011116/tools/bin/../lib/gcc/arm-none-eabi/10.2.1/../../../../arm-none-eabi/lib/thumb/v8-m.main+fp/hard\libcr_nohost_nf.a(_cr__main.o)
                0x000025ce                __main
 .text.memset   0x000025dc        0x4 c:/nxp/mcuxpressoide_11.4.1_6260/ide/plugins/com.nxp.mcuxpresso.tools.win32_11.4.0.202103011116/tools/bin/../lib/gcc/arm-none-eabi/10.2.1/../../../../arm-none-eabi/lib/thumb/v8-m.main+fp/hard\libcr_c.a(memset.o)
                0x000025dc                memset
 .text.free     0x000025e0       0x30 c:/nxp/mcuxpressoide_11.4.1_6260/ide/plugins/com.nxp.mcuxpresso.tools.win32_11.4.0.202103011116/tools/bin/../lib/gcc/arm-none-eabi/10.2.1/../../../../arm-none-eabi/lib/thumb/v8-m.main+fp/hard\libcr_c.a(alloc.o)
                0x000025e0                free
 .text.setvbuf  0x00002610       0x3e c:/nxp/mcuxpressoide_11.4.1_6260/ide/plugins/com.nxp.mcuxpresso.tools.win32_11.4.0.202103011116/tools/bin/../lib/gcc/arm-none-eabi/10.2.1/../../../../arm-none-eabi/lib/thumb/v8-m.main+fp/hard\libcr_c.a(setvbuf.o)
                0x00002610                setvbuf
 .text.strlen   0x0000264e       0x48 c:/nxp/mcuxpressoide_11.4.1_6260/ide/plugins/com.nxp.mcuxpresso.tools.win32_11.4.0.202103011116/tools/bin/../lib/gcc/arm-none-eabi/10.2.1/../../../../arm-none-eabi/lib/thumb/v8-m.main+fp/hard\libcr_c.a(strlen.o)
                0x0000264e                strlen
 .text._fdopen  0x00002696       0x68 c:/nxp/mcuxpressoide_11.4.1_6260/ide/plugins/com.nxp.mcuxpresso.tools.win32_11.4.0.202103011116/tools/bin/../lib/gcc/arm-none-eabi/10.2.1/../../../../arm-none-eabi/lib/thumb/v8-m.main+fp/hard\libcr_c.a(_fdopen.o)
                0x00002696                _fdopen
 .text.fclose   0x000026fe       0x58 c:/nxp/mcuxpressoide_11.4.1_6260/ide/plugins/com.nxp.mcuxpresso.tools.win32_11.4.0.202103011116/tools/bin/../lib/gcc/arm-none-eabi/10.2.1/../../../../arm-none-eabi/lib/thumb/v8-m.main+fp/hard\libcr_c.a(fclose.o)
                0x000026fe                fclose
 .text.remove   0x00002756       0x14 c:/nxp/mcuxpressoide_11.4.1_6260/ide/plugins/com.nxp.mcuxpresso.tools.win32_11.4.0.202103011116/tools/bin/../lib/gcc/arm-none-eabi/10.2.1/../../../../arm-none-eabi/lib/thumb/v8-m.main+fp/hard\libcr_c.a(remove.o)
                0x00002756                remove
 .text._do_fflush
                0x0000276a       0x40 c:/nxp/mcuxpressoide_11.4.1_6260/ide/plugins/com.nxp.mcuxpresso.tools.win32_11.4.0.202103011116/tools/bin/../lib/gcc/arm-none-eabi/10.2.1/../../../../arm-none-eabi/lib/thumb/v8-m.main+fp/hard\libcr_c.a(_do_fflush.o)
                0x0000276a                _do_fflush
 .text._fflush  0x000027aa       0x52 c:/nxp/mcuxpressoide_11.4.1_6260/ide/plugins/com.nxp.mcuxpresso.tools.win32_11.4.0.202103011116/tools/bin/../lib/gcc/arm-none-eabi/10.2.1/../../../../arm-none-eabi/lib/thumb/v8-m.main+fp/hard\libcr_c.a(_fflush.o)
                0x000027aa                _fflush
 .text._deferredlazyseek
                0x000027fc       0x40 c:/nxp/mcuxpressoide_11.4.1_6260/ide/plugins/com.nxp.mcuxpresso.tools.win32_11.4.0.202103011116/tools/bin/../lib/gcc/arm-none-eabi/10.2.1/../../../../arm-none-eabi/lib/thumb/v8-m.main+fp/hard\libcr_c.a(_deferredlazyseek.o)
                0x000027fc                _deferredlazyseek
 .text.__aeabi_division_uldivmod
                0x0000283c      0x174 c:/nxp/mcuxpressoide_11.4.1_6260/ide/plugins/com.nxp.mcuxpresso.tools.win32_11.4.0.202103011116/tools/bin/../lib/gcc/arm-none-eabi/10.2.1/thumb/v8-m.main+fp/hard\libcr_eabihelpers.a(division_64.o)
                0x0000283c                __aeabi_uldivmod
                0x00002840                __bhs_ldivmod1
 .text.__aeabi_division_idiv0
                0x000029b0        0x2 c:/nxp/mcuxpressoide_11.4.1_6260/ide/plugins/com.nxp.mcuxpresso.tools.win32_11.4.0.202103011116/tools/bin/../lib/gcc/arm-none-eabi/10.2.1/thumb/v8-m.main+fp/hard\libcr_eabihelpers.a(division_idiv0.o)
                0x000029b0                __aeabi_idiv0
 .text.__aeabi_memset_lowlevel
                0x000029b2       0x32 c:/nxp/mcuxpressoide_11.4.1_6260/ide/plugins/com.nxp.mcuxpresso.tools.win32_11.4.0.202103011116/tools/bin/../lib/gcc/arm-none-eabi/10.2.1/thumb/v8-m.main+fp/hard\libcr_eabihelpers.a(memcpy.o)
                0x000029b2                __aeabi_lowlevel_memset
 .text.__sys_close
                0x000029e4        0x6 c:/nxp/mcuxpressoide_11.4.1_6260/ide/plugins/com.nxp.mcuxpresso.tools.win32_11.4.0.202103011116/tools/bin/../lib/gcc/arm-none-eabi/10.2.1/../../../../arm-none-eabi/lib/thumb/v8-m.main+fp/hard\libcr_nohost_nf.a(__sys_close.o)
                0x000029e4                __sys_close
 .text.__sys_flen
                0x000029ea        0x6 c:/nxp/mcuxpressoide_11.4.1_6260/ide/plugins/com.nxp.mcuxpresso.tools.win32_11.4.0.202103011116/tools/bin/../lib/gcc/arm-none-eabi/10.2.1/../../../../arm-none-eabi/lib/thumb/v8-m.main+fp/hard\libcr_nohost_nf.a(__sys_flen.o)
                0x000029ea                __sys_flen
 .text.__sys_istty
                0x000029f0        0x6 c:/nxp/mcuxpressoide_11.4.1_6260/ide/plugins/com.nxp.mcuxpresso.tools.win32_11.4.0.202103011116/tools/bin/../lib/gcc/arm-none-eabi/10.2.1/../../../../arm-none-eabi/lib/thumb/v8-m.main+fp/hard\libcr_nohost_nf.a(__sys_istty.o)
                0x000029f0                __sys_istty
 .text.__sys_remove
                0x000029f6        0x6 c:/nxp/mcuxpressoide_11.4.1_6260/ide/plugins/com.nxp.mcuxpresso.tools.win32_11.4.0.202103011116/tools/bin/../lib/gcc/arm-none-eabi/10.2.1/../../../../arm-none-eabi/lib/thumb/v8-m.main+fp/hard\libcr_nohost_nf.a(__sys_remove.o)
                0x000029f6                __sys_remove
 .text.__sys_seek
                0x000029fc        0x6 c:/nxp/mcuxpressoide_11.4.1_6260/ide/plugins/com.nxp.mcuxpresso.tools.win32_11.4.0.202103011116/tools/bin/../lib/gcc/arm-none-eabi/10.2.1/../../../../arm-none-eabi/lib/thumb/v8-m.main+fp/hard\libcr_nohost_nf.a(__sys_seek.o)
                0x000029fc                __sys_seek
 .text.__sys_tmpnam
                0x00002a02        0x6 c:/nxp/mcuxpressoide_11.4.1_6260/ide/plugins/com.nxp.mcuxpresso.tools.win32_11.4.0.202103011116/tools/bin/../lib/gcc/arm-none-eabi/10.2.1/../../../../arm-none-eabi/lib/thumb/v8-m.main+fp/hard\libcr_nohost_nf.a(__sys_tmpnam.o)
                0x00002a02                __sys_tmpnam
 .text.__sys_write
                0x00002a08        0x4 c:/nxp/mcuxpressoide_11.4.1_6260/ide/plugins/com.nxp.mcuxpresso.tools.win32_11.4.0.202103011116/tools/bin/../lib/gcc/arm-none-eabi/10.2.1/../../../../arm-none-eabi/lib/thumb/v8-m.main+fp/hard\libcr_nohost_nf.a(__sys_write.o)
                0x00002a08                __sys_write
 *(SORT_BY_ALIGNMENT(.rodata) SORT_BY_ALIGNMENT(.rodata.*) SORT_BY_ALIGNMENT(.constdata) SORT_BY_ALIGNMENT(.constdata.*))
 .rodata.__assertion_failed.str1.4
                0x00002a0c       0x14 ./utilities/fsl_assert.o
 .rodata.main.str1.4
                0x00002a20        0xf ./source/hello_world.o
 *fill*         0x00002a2f        0x1 ff
 .rodata.SDK_DelayAtLeastUs.str1.4
                0x00002a30       0x2c ./drivers/fsl_common_arm.o
 .rodata.s_flexcommBaseAddrs
                0x00002a5c       0x24 ./drivers/fsl_flexcomm.o
 .rodata.s_flexcommClocks
                0x00002a80       0x12 ./drivers/fsl_flexcomm.o
 *fill*         0x00002a92        0x2 ff
 .rodata.s_flexcommResets
                0x00002a94       0x24 ./drivers/fsl_flexcomm.o
 .rodata.FLEXCOMM_GetInstance.str1.4
                0x00002ab8       0x43 ./drivers/fsl_flexcomm.o
 *fill*         0x00002afb        0x1 ff
 .rodata.FLEXCOMM0_DriverIRQHandler.str1.4
                0x00002afc       0x3d ./drivers/fsl_flexcomm.o
 *fill*         0x00002b39        0x3 ff
 .rodata.FLEXCOMM1_DriverIRQHandler.str1.4
                0x00002b3c       0x3d ./drivers/fsl_flexcomm.o
 *fill*         0x00002b79        0x3 ff
 .rodata.FLEXCOMM2_DriverIRQHandler.str1.4
                0x00002b7c       0x3d ./drivers/fsl_flexcomm.o
 *fill*         0x00002bb9        0x3 ff
 .rodata.FLEXCOMM3_DriverIRQHandler.str1.4
                0x00002bbc       0x3d ./drivers/fsl_flexcomm.o
 *fill*         0x00002bf9        0x3 ff
 .rodata.FLEXCOMM4_DriverIRQHandler.str1.4
                0x00002bfc       0x3d ./drivers/fsl_flexcomm.o
 *fill*         0x00002c39        0x3 ff
 .rodata.FLEXCOMM5_DriverIRQHandler.str1.4
                0x00002c3c       0x3d ./drivers/fsl_flexcomm.o
 *fill*         0x00002c79        0x3 ff
 .rodata.FLEXCOMM6_DriverIRQHandler.str1.4
                0x00002c7c       0x3d ./drivers/fsl_flexcomm.o
 *fill*         0x00002cb9        0x3 ff
 .rodata.FLEXCOMM7_DriverIRQHandler.str1.4
                0x00002cbc       0x3d ./drivers/fsl_flexcomm.o
 *fill*         0x00002cf9        0x3 ff
 .rodata.FLEXCOMM8_DriverIRQHandler.str1.4
                0x00002cfc       0x3d ./drivers/fsl_flexcomm.o
 *fill*         0x00002d39        0x3 ff
 .rodata.RESET_SetPeripheralReset.str1.4
                0x00002d3c       0x1f ./drivers/fsl_reset.o
 *fill*         0x00002d5b        0x1 ff
 .rodata.RESET_ClearPeripheralReset.str1.4
                0x00002d5c       0x1f ./drivers/fsl_reset.o
 *fill*         0x00002d7b        0x1 ff
 .rodata.USART_Init.str1.4
                0x00002d7c       0x50 ./drivers/fsl_usart.o
 .rodata.USART_GetDefaultConfig.str1.4
                0x00002dcc       0x22 ./drivers/fsl_usart.o
 *fill*         0x00002dee        0x2 ff
 .rodata.USART_SetBaudRate.str1.4
                0x00002df0       0x54 ./drivers/fsl_usart.o
 .rodata.USART_WriteBlocking.str1.4
                0x00002e44       0x37 ./drivers/fsl_usart.o
 *fill*         0x00002e7b        0x1 ff
 .rodata.USART_ReadBlocking.str1.4
                0x00002e7c       0x37 ./drivers/fsl_usart.o
 *fill*         0x00002eb3        0x1 ff
 .rodata.s_UsartAdapterBase
                0x00002eb4       0x20 ./component/uart/fsl_adapter_usart.o
 .rodata.HAL_UartInitCommon.str1.4
                0x00002ed4       0xec ./component/uart/fsl_adapter_usart.o
 .rodata.HAL_UartReceiveBlocking.str1.4
                0x00002fc0       0x66 ./component/uart/fsl_adapter_usart.o
 *fill*         0x00003026        0x2 ff
 .rodata.HAL_UartSendBlocking.str1.4
                0x00003028       0x66 ./component/uart/fsl_adapter_usart.o
 *fill*         0x0000308e        0x2 ff
 .rodata.__num_Ciob_streams
                0x00003090        0x4 c:/nxp/mcuxpressoide_11.4.1_6260/ide/plugins/com.nxp.mcuxpresso.tools.win32_11.4.0.202103011116/tools/bin/../lib/gcc/arm-none-eabi/10.2.1/../../../../arm-none-eabi/lib/thumb/v8-m.main+fp/hard\libcr_nohost_nf.a(__ciob.o)
                0x00003090                __num_Ciob_streams
 .rodata._initio.str1.1
                0x00003094        0x4 c:/nxp/mcuxpressoide_11.4.1_6260/ide/plugins/com.nxp.mcuxpresso.tools.win32_11.4.0.202103011116/tools/bin/../lib/gcc/arm-none-eabi/10.2.1/../../../../arm-none-eabi/lib/thumb/v8-m.main+fp/hard\libcr_c.a(initio.o)
                0x00003098                . = ALIGN (0x4)

.glue_7         0x00003098        0x0
 .glue_7        0x00003098        0x0 linker stubs

.glue_7t        0x00003098        0x0
 .glue_7t       0x00003098        0x0 linker stubs

.vfp11_veneer   0x00003098        0x0
 .vfp11_veneer  0x00003098        0x0 linker stubs

.v4_bx          0x00003098        0x0
 .v4_bx         0x00003098        0x0 linker stubs

.iplt           0x00003098        0x0
 .iplt          0x00003098        0x0 ./utilities/fsl_assert.o

.rel.dyn        0x00003098        0x0
 .rel.iplt      0x00003098        0x0 ./utilities/fsl_assert.o

.ARM.extab
 *(SORT_BY_ALIGNMENT(.ARM.extab*) SORT_BY_ALIGNMENT(.gnu.linkonce.armextab.*))

.ARM.exidx      0x00003098        0x0
                0x00003098                __exidx_start = .
 *(SORT_BY_ALIGNMENT(.ARM.exidx*) SORT_BY_ALIGNMENT(.gnu.linkonce.armexidx.*))
                0x00003098                __exidx_end = .
                0x00003098                _etext = .

.m_usb_data
 *(SORT_BY_ALIGNMENT(m_usb_global))

.data_RAM2      0x04000000        0x0 load address 0x00003098
 FILL mask 0xff
                [!provide]                PROVIDE (__start_data_RAM2 = .)
                [!provide]                PROVIDE (__start_data_SRAMX = .)
 *(SORT_BY_ALIGNMENT(.ramfunc.$RAM2))
 *(SORT_BY_ALIGNMENT(.ramfunc.$SRAMX))
 *(SORT_BY_ALIGNMENT(.data.$RAM2))
 *(SORT_BY_ALIGNMENT(.data.$SRAMX))
 *(SORT_BY_ALIGNMENT(.data.$RAM2.*))
 *(SORT_BY_ALIGNMENT(.data.$SRAMX.*))
                0x04000000                . = ALIGN (0x4)
                [!provide]                PROVIDE (__end_data_RAM2 = .)
                [!provide]                PROVIDE (__end_data_SRAMX = .)

.data_RAM3      0x40100000        0x0 load address 0x00003098
 FILL mask 0xff
                [!provide]                PROVIDE (__start_data_RAM3 = .)
                [!provide]                PROVIDE (__start_data_USB_RAM = .)
 *(SORT_BY_ALIGNMENT(.ramfunc.$RAM3))
 *(SORT_BY_ALIGNMENT(.ramfunc.$USB_RAM))
 *(SORT_BY_ALIGNMENT(.data.$RAM3))
 *(SORT_BY_ALIGNMENT(.data.$USB_RAM))
 *(SORT_BY_ALIGNMENT(.data.$RAM3.*))
 *(SORT_BY_ALIGNMENT(.data.$USB_RAM.*))
                0x40100000                . = ALIGN (0x4)
                [!provide]                PROVIDE (__end_data_RAM3 = .)
                [!provide]                PROVIDE (__end_data_USB_RAM = .)

.data_RAM4      0x20040000        0x0 load address 0x00003098
 FILL mask 0xff
                [!provide]                PROVIDE (__start_data_RAM4 = .)
                [!provide]                PROVIDE (__start_data_SRAM4 = .)
 *(SORT_BY_ALIGNMENT(.ramfunc.$RAM4))
 *(SORT_BY_ALIGNMENT(.ramfunc.$SRAM4))
 *(SORT_BY_ALIGNMENT(.data.$RAM4))
 *(SORT_BY_ALIGNMENT(.data.$SRAM4))
 *(SORT_BY_ALIGNMENT(.data.$RAM4.*))
 *(SORT_BY_ALIGNMENT(.data.$SRAM4.*))
                0x20040000                . = ALIGN (0x4)
                [!provide]                PROVIDE (__end_data_RAM4 = .)
                [!provide]                PROVIDE (__end_data_SRAM4 = .)

.uninit_RESERVED
                0x20000000        0x0
                0x20000000                _start_uninit_RESERVED = .
 *(SORT_BY_ALIGNMENT(.bss.$RESERVED*))
                0x20000000                . = ALIGN (0x4)
                0x20000000                _end_uninit_RESERVED = .

.data           0x20000000        0x8 load address 0x00003098
 FILL mask 0xff
                0x20000000                _data = .
                [!provide]                PROVIDE (__start_data_RAM = .)
                [!provide]                PROVIDE (__start_data_SRAM = .)
 *(SORT_BY_ALIGNMENT(vtable))
 *(SORT_BY_ALIGNMENT(.ramfunc*))
 *(SORT_BY_ALIGNMENT(CodeQuickAccess))
 *(SORT_BY_ALIGNMENT(DataQuickAccess))
 *(SORT_BY_ALIGNMENT(RamFunction))
 *(SORT_BY_ALIGNMENT(.data*))
 .data.s_Ext_Clk_Freq
                0x20000000        0x4 ./drivers/fsl_clock.o
 .data.SystemCoreClock
                0x20000004        0x4 ./device/system_LPC55S69_cm33_core0.o
                0x20000004                SystemCoreClock
                0x20000008                . = ALIGN (0x4)
                0x20000008                _edata = .
                [!provide]                PROVIDE (__end_data_RAM = .)
                [!provide]                PROVIDE (__end_data_SRAM = .)

.igot.plt       0x20000008        0x0 load address 0x000030a0
 .igot.plt      0x20000008        0x0 ./utilities/fsl_assert.o

.bss_RAM2       0x04000000        0x0
                [!provide]                PROVIDE (__start_bss_RAM2 = .)
                [!provide]                PROVIDE (__start_bss_SRAMX = .)
 *(SORT_BY_ALIGNMENT(.bss.$RAM2))
 *(SORT_BY_ALIGNMENT(.bss.$SRAMX))
 *(SORT_BY_ALIGNMENT(.bss.$RAM2.*))
 *(SORT_BY_ALIGNMENT(.bss.$SRAMX.*))
                0x04000000                . = ALIGN ((. != 0x0)?0x4:0x1)
                [!provide]                PROVIDE (__end_bss_RAM2 = .)
                [!provide]                PROVIDE (__end_bss_SRAMX = .)

.bss_RAM3       0x40100000        0x0
                [!provide]                PROVIDE (__start_bss_RAM3 = .)
                [!provide]                PROVIDE (__start_bss_USB_RAM = .)
 *(SORT_BY_ALIGNMENT(.bss.$RAM3))
 *(SORT_BY_ALIGNMENT(.bss.$USB_RAM))
 *(SORT_BY_ALIGNMENT(.bss.$RAM3.*))
 *(SORT_BY_ALIGNMENT(.bss.$USB_RAM.*))
                0x40100000                . = ALIGN ((. != 0x0)?0x4:0x1)
                [!provide]                PROVIDE (__end_bss_RAM3 = .)
                [!provide]                PROVIDE (__end_bss_USB_RAM = .)

.bss_RAM4       0x20040000        0x0
                [!provide]                PROVIDE (__start_bss_RAM4 = .)
                [!provide]                PROVIDE (__start_bss_SRAM4 = .)
 *(SORT_BY_ALIGNMENT(.bss.$RAM4))
 *(SORT_BY_ALIGNMENT(.bss.$SRAM4))
 *(SORT_BY_ALIGNMENT(.bss.$RAM4.*))
 *(SORT_BY_ALIGNMENT(.bss.$SRAM4.*))
                0x20040000                . = ALIGN ((. != 0x0)?0x4:0x1)
                [!provide]                PROVIDE (__end_bss_RAM4 = .)
                [!provide]                PROVIDE (__end_bss_SRAM4 = .)

.bss            0x20000008      0x118
                0x20000008                _bss = .
                [!provide]                PROVIDE (__start_bss_RAM = .)
                [!provide]                PROVIDE (__start_bss_SRAM = .)
 *(SORT_BY_ALIGNMENT(.bss*))
 .bss.s_debugConsole
                0x20000008       0x14 ./utilities/fsl_debug_console.o
 .bss.s_Pll0_Freq
                0x2000001c        0x4 ./drivers/fsl_clock.o
 .bss.s_flexcommIrqHandler
                0x20000020       0x24 ./drivers/fsl_flexcomm.o
 .bss.s_flexcommHandle
                0x20000044       0x24 ./drivers/fsl_flexcomm.o
 .bss.errno     0x20000068        0x4 c:/nxp/mcuxpressoide_11.4.1_6260/ide/plugins/com.nxp.mcuxpresso.tools.win32_11.4.0.202103011116/tools/bin/../lib/gcc/arm-none-eabi/10.2.1/../../../../arm-none-eabi/lib/thumb/v8-m.main+fp/hard\libcr_c.a(errno.o)
                0x20000068                errno
 .bss.__Ciob    0x2000006c       0xb4 c:/nxp/mcuxpressoide_11.4.1_6260/ide/plugins/com.nxp.mcuxpresso.tools.win32_11.4.0.202103011116/tools/bin/../lib/gcc/arm-none-eabi/10.2.1/../../../../arm-none-eabi/lib/thumb/v8-m.main+fp/hard\libcr_nohost_nf.a(__ciob.o)
                0x2000006c                __Ciob
 *(SORT_BY_ALIGNMENT(COMMON))
                0x20000120                . = ALIGN (0x4)
                0x20000120                _ebss = .
                [!provide]                PROVIDE (__end_bss_RAM = .)
                [!provide]                PROVIDE (__end_bss_SRAM = .)
                [!provide]                PROVIDE (end = .)

.noinit_RAM2    0x04000000        0x0
                [!provide]                PROVIDE (__start_noinit_RAM2 = .)
                [!provide]                PROVIDE (__start_noinit_SRAMX = .)
 *(SORT_BY_ALIGNMENT(.noinit.$RAM2))
 *(SORT_BY_ALIGNMENT(.noinit.$SRAMX))
 *(SORT_BY_ALIGNMENT(.noinit.$RAM2.*))
 *(SORT_BY_ALIGNMENT(.noinit.$SRAMX.*))
                0x04000000                . = ALIGN (0x4)
                [!provide]                PROVIDE (__end_noinit_RAM2 = .)
                [!provide]                PROVIDE (__end_noinit_SRAMX = .)

.noinit_RAM3    0x40100000        0x0
                [!provide]                PROVIDE (__start_noinit_RAM3 = .)
                [!provide]                PROVIDE (__start_noinit_USB_RAM = .)
 *(SORT_BY_ALIGNMENT(.noinit.$RAM3))
 *(SORT_BY_ALIGNMENT(.noinit.$USB_RAM))
 *(SORT_BY_ALIGNMENT(.noinit.$RAM3.*))
 *(SORT_BY_ALIGNMENT(.noinit.$USB_RAM.*))
                0x40100000                . = ALIGN (0x4)
                [!provide]                PROVIDE (__end_noinit_RAM3 = .)
                [!provide]                PROVIDE (__end_noinit_USB_RAM = .)

.noinit_RAM4    0x20040000        0x0
                [!provide]                PROVIDE (__start_noinit_RAM4 = .)
                [!provide]                PROVIDE (__start_noinit_SRAM4 = .)
 *(SORT_BY_ALIGNMENT(.noinit.$RAM4))
 *(SORT_BY_ALIGNMENT(.noinit.$SRAM4))
 *(SORT_BY_ALIGNMENT(.noinit.$RAM4.*))
 *(SORT_BY_ALIGNMENT(.noinit.$SRAM4.*))
                0x20040000                . = ALIGN (0x4)
                [!provide]                PROVIDE (__end_noinit_RAM4 = .)
                [!provide]                PROVIDE (__end_noinit_SRAM4 = .)

.noinit         0x20000120        0x0
                0x20000120                _noinit = .
                [!provide]                PROVIDE (__start_noinit_RAM = .)
                [!provide]                PROVIDE (__start_noinit_SRAM = .)
 *(SORT_BY_ALIGNMENT(.noinit*))
                0x20000120                . = ALIGN (0x4)
                0x20000120                _end_noinit = .
                [!provide]                PROVIDE (__end_noinit_RAM = .)
                [!provide]                PROVIDE (__end_noinit_SRAM = .)
                0x00001000                _HeapSize = 0x1000

.heap           0x20000120     0x1000
                0x20000120                _pvHeapStart = .
                0x20001120                . = (. + _HeapSize)
 *fill*         0x20000120     0x1000 
                0x20001120                . = ALIGN (0x4)
                0x20001120                _pvHeapLimit = .
                0x00001000                _StackSize = 0x1000

.heap2stackfill
                0x20001120     0x1000
                0x20002120                . = (. + _StackSize)
 *fill*         0x20001120     0x1000 

.stack          0x2003f000        0x0
                0x2003f000                _vStackBase = .
                0x2003f000                . = ALIGN (0x4)
                0x20040000                _vStackTop = (. + _StackSize)
                [!provide]                PROVIDE (__valid_user_code_checksum = (0x0 - ((((((_vStackTop + (ResetISR + 0x1)) + (NMI_Handler + 0x1)) + (HardFault_Handler + 0x1)) + (DEFINED (MemManage_Handler)?MemManage_Handler:0x0 + 0x1)) + (DEFINED (BusFault_Handler)?BusFault_Handler:0x0 + 0x1)) + (DEFINED (UsageFault_Handler)?UsageFault_Handler:0x0 + 0x1))))
                0x00000000                _image_start = LOADADDR (.text)
                0x000030a0                _image_end = (LOADADDR (.data) + SIZEOF (.data))
                0x000030a0                _image_size = (_image_end - _image_start)
OUTPUT(IBootLPC55s69_hello_world.axf elf32-littlearm)
LOAD linker stubs

.debug_info     0x00000000    0x11288
 .debug_info    0x00000000       0xaa ./utilities/fsl_assert.o
 .debug_info    0x000000aa      0xc6d ./utilities/fsl_debug_console.o
 .debug_info    0x00000d17      0x707 ./startup/startup_lpc55s69_cm33_core0.o
 .debug_info    0x0000141e      0x87c ./source/hello_world.o
 .debug_info    0x00001c9a       0x3c ./source/semihost_hardfault.o
 .debug_info    0x00001cd6     0x31b1 ./drivers/fsl_clock.o
 .debug_info    0x00004e87       0xf5 ./drivers/fsl_common_arm.o
 .debug_info    0x00004f7c     0x1a9f ./drivers/fsl_flexcomm.o
 .debug_info    0x00006a1b      0xeb5 ./drivers/fsl_reset.o
 .debug_info    0x000078d0     0x1743 ./drivers/fsl_usart.o
 .debug_info    0x00009013     0x1366 ./device/system_LPC55S69_cm33_core0.o
 .debug_info    0x0000a379      0xc17 ./component/uart/fsl_adapter_usart.o
 .debug_info    0x0000af90      0x7fe ./board/board.o
 .debug_info    0x0000b78e     0x1599 ./board/clock_config.o
 .debug_info    0x0000cd27      0xf5c ./board/pin_mux.o
 .debug_info    0x0000dc83     0x3605 E:\Ishwarya\IBootRepo\IBootLPC55s69_hello_world\LPC55S69\mcuxpresso\libpower_hardabi.a(fsl_power_lib.o)

.debug_abbrev   0x00000000     0x1d69
 .debug_abbrev  0x00000000       0x66 ./utilities/fsl_assert.o
 .debug_abbrev  0x00000066      0x239 ./utilities/fsl_debug_console.o
 .debug_abbrev  0x0000029f      0x165 ./startup/startup_lpc55s69_cm33_core0.o
 .debug_abbrev  0x00000404      0x12a ./source/hello_world.o
 .debug_abbrev  0x0000052e       0x31 ./source/semihost_hardfault.o
 .debug_abbrev  0x0000055f      0x35a ./drivers/fsl_clock.o
 .debug_abbrev  0x000008b9       0x92 ./drivers/fsl_common_arm.o
 .debug_abbrev  0x0000094b      0x2c0 ./drivers/fsl_flexcomm.o
 .debug_abbrev  0x00000c0b      0x15a ./drivers/fsl_reset.o
 .debug_abbrev  0x00000d65      0x302 ./drivers/fsl_usart.o
 .debug_abbrev  0x00001067      0x1fa ./device/system_LPC55S69_cm33_core0.o
 .debug_abbrev  0x00001261      0x1e0 ./component/uart/fsl_adapter_usart.o
 .debug_abbrev  0x00001441       0xd1 ./board/board.o
 .debug_abbrev  0x00001512      0x1ea ./board/clock_config.o
 .debug_abbrev  0x000016fc      0x1d9 ./board/pin_mux.o
 .debug_abbrev  0x000018d5      0x494 E:\Ishwarya\IBootRepo\IBootLPC55s69_hello_world\LPC55S69\mcuxpresso\libpower_hardabi.a(fsl_power_lib.o)

.debug_aranges  0x00000000      0x968
 .debug_aranges
                0x00000000       0x20 ./utilities/fsl_assert.o
 .debug_aranges
                0x00000020       0x70 ./utilities/fsl_debug_console.o
 .debug_aranges
                0x00000090      0x268 ./startup/startup_lpc55s69_cm33_core0.o
 .debug_aranges
                0x000002f8       0x28 ./source/hello_world.o
 .debug_aranges
                0x00000320       0x20 ./source/semihost_hardfault.o
 .debug_aranges
                0x00000340      0x220 ./drivers/fsl_clock.o
 .debug_aranges
                0x00000560       0x28 ./drivers/fsl_common_arm.o
 .debug_aranges
                0x00000588       0x90 ./drivers/fsl_flexcomm.o
 .debug_aranges
                0x00000618       0x30 ./drivers/fsl_reset.o
 .debug_aranges
                0x00000648       0xf8 ./drivers/fsl_usart.o
 .debug_aranges
                0x00000740       0x88 ./device/system_LPC55S69_cm33_core0.o
 .debug_aranges
                0x000007c8       0x58 ./component/uart/fsl_adapter_usart.o
 .debug_aranges
                0x00000820       0x28 ./board/board.o
 .debug_aranges
                0x00000848       0x50 ./board/clock_config.o
 .debug_aranges
                0x00000898       0x38 ./board/pin_mux.o
 .debug_aranges
                0x000008d0       0x98 E:\Ishwarya\IBootRepo\IBootLPC55s69_hello_world\LPC55S69\mcuxpresso\libpower_hardabi.a(fsl_power_lib.o)

.debug_ranges   0x00000000      0x9d0
 .debug_ranges  0x00000000       0x10 ./utilities/fsl_assert.o
 .debug_ranges  0x00000010       0x60 ./utilities/fsl_debug_console.o
 .debug_ranges  0x00000070      0x258 ./startup/startup_lpc55s69_cm33_core0.o
 .debug_ranges  0x000002c8       0x18 ./source/hello_world.o
 .debug_ranges  0x000002e0       0x10 ./source/semihost_hardfault.o
 .debug_ranges  0x000002f0      0x210 ./drivers/fsl_clock.o
 .debug_ranges  0x00000500       0x18 ./drivers/fsl_common_arm.o
 .debug_ranges  0x00000518       0x80 ./drivers/fsl_flexcomm.o
 .debug_ranges  0x00000598       0x20 ./drivers/fsl_reset.o
 .debug_ranges  0x000005b8       0xe8 ./drivers/fsl_usart.o
 .debug_ranges  0x000006a0       0x78 ./device/system_LPC55S69_cm33_core0.o
 .debug_ranges  0x00000718       0x48 ./component/uart/fsl_adapter_usart.o
 .debug_ranges  0x00000760       0x18 ./board/board.o
 .debug_ranges  0x00000778       0x40 ./board/clock_config.o
 .debug_ranges  0x000007b8       0x28 ./board/pin_mux.o
 .debug_ranges  0x000007e0      0x1f0 E:\Ishwarya\IBootRepo\IBootLPC55s69_hello_world\LPC55S69\mcuxpresso\libpower_hardabi.a(fsl_power_lib.o)

.debug_macro    0x00000000    0x15a8a
 .debug_macro   0x00000000      0x13f ./utilities/fsl_assert.o
 .debug_macro   0x0000013f      0xab4 ./utilities/fsl_assert.o
 .debug_macro   0x00000bf3       0x10 ./utilities/fsl_assert.o
 .debug_macro   0x00000c03       0x1c ./utilities/fsl_assert.o
 .debug_macro   0x00000c1f       0x22 ./utilities/fsl_assert.o
 .debug_macro   0x00000c41      0x12e ./utilities/fsl_assert.o
 .debug_macro   0x00000d6f      0x5b3 ./utilities/fsl_assert.o
 .debug_macro   0x00001322       0x22 ./utilities/fsl_assert.o
 .debug_macro   0x00001344       0x10 ./utilities/fsl_assert.o
 .debug_macro   0x00001354       0x46 ./utilities/fsl_assert.o
 .debug_macro   0x0000139a       0x1c ./utilities/fsl_assert.o
 .debug_macro   0x000013b6       0x29 ./utilities/fsl_assert.o
 .debug_macro   0x000013df       0xfb ./utilities/fsl_assert.o
 .debug_macro   0x000014da     0x1336 ./utilities/fsl_assert.o
 .debug_macro   0x00002810       0x5e ./utilities/fsl_assert.o
 .debug_macro   0x0000286e       0x2e ./utilities/fsl_assert.o
 .debug_macro   0x0000289c    0x10d74 ./utilities/fsl_assert.o
 .debug_macro   0x00013610      0x3e1 ./utilities/fsl_assert.o
 .debug_macro   0x000139f1       0x7a ./utilities/fsl_assert.o
 .debug_macro   0x00013a6b       0xa1 ./utilities/fsl_assert.o
 .debug_macro   0x00013b0c      0x2ca ./utilities/fsl_assert.o
 .debug_macro   0x00013dd6       0x16 ./utilities/fsl_assert.o
 .debug_macro   0x00013dec       0xd2 ./utilities/fsl_assert.o
 .debug_macro   0x00013ebe       0x46 ./utilities/fsl_assert.o
 .debug_macro   0x00013f04      0x165 ./utilities/fsl_debug_console.o
 .debug_macro   0x00014069       0x16 ./utilities/fsl_debug_console.o
 .debug_macro   0x0001407f       0x10 ./utilities/fsl_debug_console.o
 .debug_macro   0x0001408f       0x28 ./utilities/fsl_debug_console.o
 .debug_macro   0x000140b7       0xc4 ./utilities/fsl_debug_console.o
 .debug_macro   0x0001417b       0x40 ./utilities/fsl_debug_console.o
 .debug_macro   0x000141bb       0x46 ./utilities/fsl_debug_console.o
 .debug_macro   0x00014201       0x29 ./startup/startup_lpc55s69_cm33_core0.o
 .debug_macro   0x0001422a      0x18f ./source/hello_world.o
 .debug_macro   0x000143b9       0x3a ./source/hello_world.o
 .debug_macro   0x000143f3       0x35 ./source/hello_world.o
 .debug_macro   0x00014428       0x10 ./source/hello_world.o
 .debug_macro   0x00014438       0xfe ./source/hello_world.o
 .debug_macro   0x00014536      0x1de ./source/hello_world.o
 .debug_macro   0x00014714      0x304 ./source/hello_world.o
 .debug_macro   0x00014a18       0x11 ./source/semihost_hardfault.o
 .debug_macro   0x00014a29      0x1e5 ./drivers/fsl_clock.o
 .debug_macro   0x00014c0e      0x2fe ./drivers/fsl_clock.o
 .debug_macro   0x00014f0c      0x13c ./drivers/fsl_common_arm.o
 .debug_macro   0x00015048      0x145 ./drivers/fsl_flexcomm.o
 .debug_macro   0x0001518d       0x10 ./drivers/fsl_flexcomm.o
 .debug_macro   0x0001519d      0x13c ./drivers/fsl_reset.o
 .debug_macro   0x000152d9      0x154 ./drivers/fsl_usart.o
 .debug_macro   0x0001542d       0x1c ./drivers/fsl_usart.o
 .debug_macro   0x00015449       0xc1 ./device/system_LPC55S69_cm33_core0.o
 .debug_macro   0x0001550a      0x151 ./component/uart/fsl_adapter_usart.o
 .debug_macro   0x0001565b       0x22 ./component/uart/fsl_adapter_usart.o
 .debug_macro   0x0001567d      0x173 ./board/board.o
 .debug_macro   0x000157f0      0x152 ./board/clock_config.o
 .debug_macro   0x00015942      0x148 ./board/pin_mux.o

.debug_line     0x00000000     0x7aa2
 .debug_line    0x00000000      0x389 ./utilities/fsl_assert.o
 .debug_line    0x00000389      0xc28 ./utilities/fsl_debug_console.o
 .debug_line    0x00000fb1      0x6b1 ./startup/startup_lpc55s69_cm33_core0.o
 .debug_line    0x00001662      0x4e9 ./source/hello_world.o
 .debug_line    0x00001b4b       0x59 ./source/semihost_hardfault.o
 .debug_line    0x00001ba4     0x178a ./drivers/fsl_clock.o
 .debug_line    0x0000332e      0x36d ./drivers/fsl_common_arm.o
 .debug_line    0x0000369b      0x60f ./drivers/fsl_flexcomm.o
 .debug_line    0x00003caa      0x3c6 ./drivers/fsl_reset.o
 .debug_line    0x00004070      0xecb ./drivers/fsl_usart.o
 .debug_line    0x00004f3b      0x69e ./device/system_LPC55S69_cm33_core0.o
 .debug_line    0x000055d9      0x564 ./component/uart/fsl_adapter_usart.o
 .debug_line    0x00005b3d      0x415 ./board/board.o
 .debug_line    0x00005f52      0x4db ./board/clock_config.o
 .debug_line    0x0000642d      0x3fb ./board/pin_mux.o
 .debug_line    0x00006828     0x127a E:\Ishwarya\IBootRepo\IBootLPC55s69_hello_world\LPC55S69\mcuxpresso\libpower_hardabi.a(fsl_power_lib.o)

.debug_str      0x00000000    0xb704e
 .debug_str     0x00000000    0xac36b ./utilities/fsl_assert.o
                              0xac3ef (size before relaxing)
 .debug_str     0x000ac36b     0x16d7 ./utilities/fsl_debug_console.o
                              0xadb2c (size before relaxing)
 .debug_str     0x000ada42      0x680 ./startup/startup_lpc55s69_cm33_core0.o
                               0x34b1 (size before relaxing)
 .debug_str     0x000ae0c2     0x3996 ./source/hello_world.o
                              0xafdaa (size before relaxing)
 .debug_str     0x000b1a58       0x1f ./source/semihost_hardfault.o
                               0x2df3 (size before relaxing)
 .debug_str     0x000b1a77     0x22a2 ./drivers/fsl_clock.o
                              0xb0f8b (size before relaxing)
 .debug_str     0x000b3d19       0x82 ./drivers/fsl_common_arm.o
                              0xac329 (size before relaxing)
 .debug_str     0x000b3d9b      0xcfe ./drivers/fsl_flexcomm.o
                              0xae6df (size before relaxing)
 .debug_str     0x000b4a99       0xae ./drivers/fsl_reset.o
                              0xad09d (size before relaxing)
 .debug_str     0x000b4b47      0xcfa ./drivers/fsl_usart.o
                              0xadfa0 (size before relaxing)
 .debug_str     0x000b5841      0x213 ./device/system_LPC55S69_cm33_core0.o
                              0xaa5cd (size before relaxing)
 .debug_str     0x000b5a54      0x10a ./component/uart/fsl_adapter_usart.o
                              0xad7df (size before relaxing)
 .debug_str     0x000b5b5e       0x54 ./board/board.o
                              0xaecbc (size before relaxing)
 .debug_str     0x000b5bb2       0xac ./board/clock_config.o
                              0xaf002 (size before relaxing)
 .debug_str     0x000b5c5e       0x92 ./board/pin_mux.o
                              0xad636 (size before relaxing)
 .debug_str     0x000b5cf0     0x135e E:\Ishwarya\IBootRepo\IBootLPC55s69_hello_world\LPC55S69\mcuxpresso\libpower_hardabi.a(fsl_power_lib.o)
                               0x34ab (size before relaxing)

.comment        0x00000000       0xc6
 .comment       0x00000000       0x4d ./utilities/fsl_assert.o
                                 0x4e (size before relaxing)
 .comment       0x0000004d       0x4e ./utilities/fsl_debug_console.o
 .comment       0x0000004d       0x4e ./startup/startup_lpc55s69_cm33_core0.o
 .comment       0x0000004d       0x4e ./source/hello_world.o
 .comment       0x0000004d       0x4e ./source/semihost_hardfault.o
 .comment       0x0000004d       0x4e ./drivers/fsl_clock.o
 .comment       0x0000004d       0x4e ./drivers/fsl_common_arm.o
 .comment       0x0000004d       0x4e ./drivers/fsl_flexcomm.o
 .comment       0x0000004d       0x4e ./drivers/fsl_reset.o
 .comment       0x0000004d       0x4e ./drivers/fsl_usart.o
 .comment       0x0000004d       0x4e ./device/system_LPC55S69_cm33_core0.o
 .comment       0x0000004d       0x4e ./component/uart/fsl_adapter_usart.o
 .comment       0x0000004d       0x4e ./board/board.o
 .comment       0x0000004d       0x4e ./board/clock_config.o
 .comment       0x0000004d       0x4e ./board/pin_mux.o
 .comment       0x0000004d       0x79 E:\Ishwarya\IBootRepo\IBootLPC55s69_hello_world\LPC55S69\mcuxpresso\libpower_hardabi.a(fsl_power_lib.o)
                                 0x7a (size before relaxing)
 .comment       0x000000c6       0x4e c:/nxp/mcuxpressoide_11.4.1_6260/ide/plugins/com.nxp.mcuxpresso.tools.win32_11.4.0.202103011116/tools/bin/../lib/gcc/arm-none-eabi/10.2.1/../../../../arm-none-eabi/lib/thumb/v8-m.main+fp/hard\libcr_nohost_nf.a(_cr__main.o)
 .comment       0x000000c6       0x4e c:/nxp/mcuxpressoide_11.4.1_6260/ide/plugins/com.nxp.mcuxpresso.tools.win32_11.4.0.202103011116/tools/bin/../lib/gcc/arm-none-eabi/10.2.1/../../../../arm-none-eabi/lib/thumb/v8-m.main+fp/hard\libcr_c.a(memset.o)
 .comment       0x000000c6       0x4e c:/nxp/mcuxpressoide_11.4.1_6260/ide/plugins/com.nxp.mcuxpresso.tools.win32_11.4.0.202103011116/tools/bin/../lib/gcc/arm-none-eabi/10.2.1/../../../../arm-none-eabi/lib/thumb/v8-m.main+fp/hard\libcr_c.a(alloc.o)
 .comment       0x000000c6       0x4e c:/nxp/mcuxpressoide_11.4.1_6260/ide/plugins/com.nxp.mcuxpresso.tools.win32_11.4.0.202103011116/tools/bin/../lib/gcc/arm-none-eabi/10.2.1/../../../../arm-none-eabi/lib/thumb/v8-m.main+fp/hard\libcr_c.a(initio.o)
 .comment       0x000000c6       0x4e c:/nxp/mcuxpressoide_11.4.1_6260/ide/plugins/com.nxp.mcuxpresso.tools.win32_11.4.0.202103011116/tools/bin/../lib/gcc/arm-none-eabi/10.2.1/../../../../arm-none-eabi/lib/thumb/v8-m.main+fp/hard\libcr_c.a(setvbuf.o)
 .comment       0x000000c6       0x4e c:/nxp/mcuxpressoide_11.4.1_6260/ide/plugins/com.nxp.mcuxpresso.tools.win32_11.4.0.202103011116/tools/bin/../lib/gcc/arm-none-eabi/10.2.1/../../../../arm-none-eabi/lib/thumb/v8-m.main+fp/hard\libcr_c.a(strlen.o)
 .comment       0x000000c6       0x4e c:/nxp/mcuxpressoide_11.4.1_6260/ide/plugins/com.nxp.mcuxpresso.tools.win32_11.4.0.202103011116/tools/bin/../lib/gcc/arm-none-eabi/10.2.1/../../../../arm-none-eabi/lib/thumb/v8-m.main+fp/hard\libcr_c.a(_fdopen.o)
 .comment       0x000000c6       0x4e c:/nxp/mcuxpressoide_11.4.1_6260/ide/plugins/com.nxp.mcuxpresso.tools.win32_11.4.0.202103011116/tools/bin/../lib/gcc/arm-none-eabi/10.2.1/../../../../arm-none-eabi/lib/thumb/v8-m.main+fp/hard\libcr_c.a(errno.o)
 .comment       0x000000c6       0x4e c:/nxp/mcuxpressoide_11.4.1_6260/ide/plugins/com.nxp.mcuxpresso.tools.win32_11.4.0.202103011116/tools/bin/../lib/gcc/arm-none-eabi/10.2.1/../../../../arm-none-eabi/lib/thumb/v8-m.main+fp/hard\libcr_c.a(fclose.o)
 .comment       0x000000c6       0x4e c:/nxp/mcuxpressoide_11.4.1_6260/ide/plugins/com.nxp.mcuxpresso.tools.win32_11.4.0.202103011116/tools/bin/../lib/gcc/arm-none-eabi/10.2.1/../../../../arm-none-eabi/lib/thumb/v8-m.main+fp/hard\libcr_c.a(fflush.o)
 .comment       0x000000c6       0x4e c:/nxp/mcuxpressoide_11.4.1_6260/ide/plugins/com.nxp.mcuxpresso.tools.win32_11.4.0.202103011116/tools/bin/../lib/gcc/arm-none-eabi/10.2.1/../../../../arm-none-eabi/lib/thumb/v8-m.main+fp/hard\libcr_c.a(fseek.o)
 .comment       0x000000c6       0x4e c:/nxp/mcuxpressoide_11.4.1_6260/ide/plugins/com.nxp.mcuxpresso.tools.win32_11.4.0.202103011116/tools/bin/../lib/gcc/arm-none-eabi/10.2.1/../../../../arm-none-eabi/lib/thumb/v8-m.main+fp/hard\libcr_c.a(ftell.o)
 .comment       0x000000c6       0x4e c:/nxp/mcuxpressoide_11.4.1_6260/ide/plugins/com.nxp.mcuxpresso.tools.win32_11.4.0.202103011116/tools/bin/../lib/gcc/arm-none-eabi/10.2.1/../../../../arm-none-eabi/lib/thumb/v8-m.main+fp/hard\libcr_c.a(remove.o)
 .comment       0x000000c6       0x4e c:/nxp/mcuxpressoide_11.4.1_6260/ide/plugins/com.nxp.mcuxpresso.tools.win32_11.4.0.202103011116/tools/bin/../lib/gcc/arm-none-eabi/10.2.1/../../../../arm-none-eabi/lib/thumb/v8-m.main+fp/hard\libcr_c.a(_do_fflush.o)
 .comment       0x000000c6       0x4e c:/nxp/mcuxpressoide_11.4.1_6260/ide/plugins/com.nxp.mcuxpresso.tools.win32_11.4.0.202103011116/tools/bin/../lib/gcc/arm-none-eabi/10.2.1/../../../../arm-none-eabi/lib/thumb/v8-m.main+fp/hard\libcr_c.a(_fflush.o)
 .comment       0x000000c6       0x4e c:/nxp/mcuxpressoide_11.4.1_6260/ide/plugins/com.nxp.mcuxpresso.tools.win32_11.4.0.202103011116/tools/bin/../lib/gcc/arm-none-eabi/10.2.1/../../../../arm-none-eabi/lib/thumb/v8-m.main+fp/hard\libcr_c.a(_writebuf.o)
 .comment       0x000000c6       0x4e c:/nxp/mcuxpressoide_11.4.1_6260/ide/plugins/com.nxp.mcuxpresso.tools.win32_11.4.0.202103011116/tools/bin/../lib/gcc/arm-none-eabi/10.2.1/../../../../arm-none-eabi/lib/thumb/v8-m.main+fp/hard\libcr_c.a(_deferredlazyseek.o)
 .comment       0x000000c6       0x4e c:/nxp/mcuxpressoide_11.4.1_6260/ide/plugins/com.nxp.mcuxpresso.tools.win32_11.4.0.202103011116/tools/bin/../lib/gcc/arm-none-eabi/10.2.1/../../../../arm-none-eabi/lib/thumb/v8-m.main+fp/hard\libcr_nohost_nf.a(__ciob.o)
 .comment       0x000000c6       0x4e c:/nxp/mcuxpressoide_11.4.1_6260/ide/plugins/com.nxp.mcuxpresso.tools.win32_11.4.0.202103011116/tools/bin/../lib/gcc/arm-none-eabi/10.2.1/../../../../arm-none-eabi/lib/thumb/v8-m.main+fp/hard\libcr_nohost_nf.a(__sys_close.o)
 .comment       0x000000c6       0x4e c:/nxp/mcuxpressoide_11.4.1_6260/ide/plugins/com.nxp.mcuxpresso.tools.win32_11.4.0.202103011116/tools/bin/../lib/gcc/arm-none-eabi/10.2.1/../../../../arm-none-eabi/lib/thumb/v8-m.main+fp/hard\libcr_nohost_nf.a(__sys_flen.o)
 .comment       0x000000c6       0x4e c:/nxp/mcuxpressoide_11.4.1_6260/ide/plugins/com.nxp.mcuxpresso.tools.win32_11.4.0.202103011116/tools/bin/../lib/gcc/arm-none-eabi/10.2.1/../../../../arm-none-eabi/lib/thumb/v8-m.main+fp/hard\libcr_nohost_nf.a(__sys_istty.o)
 .comment       0x000000c6       0x4e c:/nxp/mcuxpressoide_11.4.1_6260/ide/plugins/com.nxp.mcuxpresso.tools.win32_11.4.0.202103011116/tools/bin/../lib/gcc/arm-none-eabi/10.2.1/../../../../arm-none-eabi/lib/thumb/v8-m.main+fp/hard\libcr_nohost_nf.a(__sys_remove.o)
 .comment       0x000000c6       0x4e c:/nxp/mcuxpressoide_11.4.1_6260/ide/plugins/com.nxp.mcuxpresso.tools.win32_11.4.0.202103011116/tools/bin/../lib/gcc/arm-none-eabi/10.2.1/../../../../arm-none-eabi/lib/thumb/v8-m.main+fp/hard\libcr_nohost_nf.a(__sys_seek.o)
 .comment       0x000000c6       0x4e c:/nxp/mcuxpressoide_11.4.1_6260/ide/plugins/com.nxp.mcuxpresso.tools.win32_11.4.0.202103011116/tools/bin/../lib/gcc/arm-none-eabi/10.2.1/../../../../arm-none-eabi/lib/thumb/v8-m.main+fp/hard\libcr_nohost_nf.a(__sys_tmpnam.o)
 .comment       0x000000c6       0x4e c:/nxp/mcuxpressoide_11.4.1_6260/ide/plugins/com.nxp.mcuxpresso.tools.win32_11.4.0.202103011116/tools/bin/../lib/gcc/arm-none-eabi/10.2.1/../../../../arm-none-eabi/lib/thumb/v8-m.main+fp/hard\libcr_nohost_nf.a(__sys_write.o)

.ARM.attributes
                0x00000000       0x38
 .ARM.attributes
                0x00000000       0x3a ./utilities/fsl_assert.o
 .ARM.attributes
                0x0000003a       0x3a ./utilities/fsl_debug_console.o
 .ARM.attributes
                0x00000074       0x3a ./startup/startup_lpc55s69_cm33_core0.o
 .ARM.attributes
                0x000000ae       0x3a ./source/hello_world.o
 .ARM.attributes
                0x000000e8       0x3a ./source/semihost_hardfault.o
 .ARM.attributes
                0x00000122       0x3a ./drivers/fsl_clock.o
 .ARM.attributes
                0x0000015c       0x3a ./drivers/fsl_common_arm.o
 .ARM.attributes
                0x00000196       0x3a ./drivers/fsl_flexcomm.o
 .ARM.attributes
                0x000001d0       0x3a ./drivers/fsl_reset.o
 .ARM.attributes
                0x0000020a       0x3a ./drivers/fsl_usart.o
 .ARM.attributes
                0x00000244       0x3a ./device/system_LPC55S69_cm33_core0.o
 .ARM.attributes
                0x0000027e       0x3a ./component/uart/fsl_adapter_usart.o
 .ARM.attributes
                0x000002b8       0x3a ./board/board.o
 .ARM.attributes
                0x000002f2       0x3a ./board/clock_config.o
 .ARM.attributes
                0x0000032c       0x3a ./board/pin_mux.o
 .ARM.attributes
                0x00000366       0x3a E:\Ishwarya\IBootRepo\IBootLPC55s69_hello_world\LPC55S69\mcuxpresso\libpower_hardabi.a(fsl_power_lib.o)
 .ARM.attributes
                0x000003a0       0x3a c:/nxp/mcuxpressoide_11.4.1_6260/ide/plugins/com.nxp.mcuxpresso.tools.win32_11.4.0.202103011116/tools/bin/../lib/gcc/arm-none-eabi/10.2.1/../../../../arm-none-eabi/lib/thumb/v8-m.main+fp/hard\libcr_nohost_nf.a(_cr__main.o)
 .ARM.attributes
                0x000003da       0x3a c:/nxp/mcuxpressoide_11.4.1_6260/ide/plugins/com.nxp.mcuxpresso.tools.win32_11.4.0.202103011116/tools/bin/../lib/gcc/arm-none-eabi/10.2.1/../../../../arm-none-eabi/lib/thumb/v8-m.main+fp/hard\libcr_c.a(memset.o)
 .ARM.attributes
                0x00000414       0x3a c:/nxp/mcuxpressoide_11.4.1_6260/ide/plugins/com.nxp.mcuxpresso.tools.win32_11.4.0.202103011116/tools/bin/../lib/gcc/arm-none-eabi/10.2.1/../../../../arm-none-eabi/lib/thumb/v8-m.main+fp/hard\libcr_c.a(alloc.o)
 .ARM.attributes
                0x0000044e       0x3a c:/nxp/mcuxpressoide_11.4.1_6260/ide/plugins/com.nxp.mcuxpresso.tools.win32_11.4.0.202103011116/tools/bin/../lib/gcc/arm-none-eabi/10.2.1/../../../../arm-none-eabi/lib/thumb/v8-m.main+fp/hard\libcr_c.a(initio.o)
 .ARM.attributes
                0x00000488       0x3a c:/nxp/mcuxpressoide_11.4.1_6260/ide/plugins/com.nxp.mcuxpresso.tools.win32_11.4.0.202103011116/tools/bin/../lib/gcc/arm-none-eabi/10.2.1/../../../../arm-none-eabi/lib/thumb/v8-m.main+fp/hard\libcr_c.a(setvbuf.o)
 .ARM.attributes
                0x000004c2       0x3a c:/nxp/mcuxpressoide_11.4.1_6260/ide/plugins/com.nxp.mcuxpresso.tools.win32_11.4.0.202103011116/tools/bin/../lib/gcc/arm-none-eabi/10.2.1/../../../../arm-none-eabi/lib/thumb/v8-m.main+fp/hard\libcr_c.a(strlen.o)
 .ARM.attributes
                0x000004fc       0x3a c:/nxp/mcuxpressoide_11.4.1_6260/ide/plugins/com.nxp.mcuxpresso.tools.win32_11.4.0.202103011116/tools/bin/../lib/gcc/arm-none-eabi/10.2.1/../../../../arm-none-eabi/lib/thumb/v8-m.main+fp/hard\libcr_c.a(_fdopen.o)
 .ARM.attributes
                0x00000536       0x3c c:/nxp/mcuxpressoide_11.4.1_6260/ide/plugins/com.nxp.mcuxpresso.tools.win32_11.4.0.202103011116/tools/bin/../lib/gcc/arm-none-eabi/10.2.1/../../../../arm-none-eabi/lib/thumb/v8-m.main+fp/hard\libcr_c.a(errno.o)
 .ARM.attributes
                0x00000572       0x3a c:/nxp/mcuxpressoide_11.4.1_6260/ide/plugins/com.nxp.mcuxpresso.tools.win32_11.4.0.202103011116/tools/bin/../lib/gcc/arm-none-eabi/10.2.1/../../../../arm-none-eabi/lib/thumb/v8-m.main+fp/hard\libcr_c.a(fclose.o)
 .ARM.attributes
                0x000005ac       0x3a c:/nxp/mcuxpressoide_11.4.1_6260/ide/plugins/com.nxp.mcuxpresso.tools.win32_11.4.0.202103011116/tools/bin/../lib/gcc/arm-none-eabi/10.2.1/../../../../arm-none-eabi/lib/thumb/v8-m.main+fp/hard\libcr_c.a(fflush.o)
 .ARM.attributes
                0x000005e6       0x3a c:/nxp/mcuxpressoide_11.4.1_6260/ide/plugins/com.nxp.mcuxpresso.tools.win32_11.4.0.202103011116/tools/bin/../lib/gcc/arm-none-eabi/10.2.1/../../../../arm-none-eabi/lib/thumb/v8-m.main+fp/hard\libcr_c.a(fseek.o)
 .ARM.attributes
                0x00000620       0x3a c:/nxp/mcuxpressoide_11.4.1_6260/ide/plugins/com.nxp.mcuxpresso.tools.win32_11.4.0.202103011116/tools/bin/../lib/gcc/arm-none-eabi/10.2.1/../../../../arm-none-eabi/lib/thumb/v8-m.main+fp/hard\libcr_c.a(ftell.o)
 .ARM.attributes
                0x0000065a       0x3a c:/nxp/mcuxpressoide_11.4.1_6260/ide/plugins/com.nxp.mcuxpresso.tools.win32_11.4.0.202103011116/tools/bin/../lib/gcc/arm-none-eabi/10.2.1/../../../../arm-none-eabi/lib/thumb/v8-m.main+fp/hard\libcr_c.a(remove.o)
 .ARM.attributes
                0x00000694       0x3a c:/nxp/mcuxpressoide_11.4.1_6260/ide/plugins/com.nxp.mcuxpresso.tools.win32_11.4.0.202103011116/tools/bin/../lib/gcc/arm-none-eabi/10.2.1/../../../../arm-none-eabi/lib/thumb/v8-m.main+fp/hard\libcr_c.a(_do_fflush.o)
 .ARM.attributes
                0x000006ce       0x3a c:/nxp/mcuxpressoide_11.4.1_6260/ide/plugins/com.nxp.mcuxpresso.tools.win32_11.4.0.202103011116/tools/bin/../lib/gcc/arm-none-eabi/10.2.1/../../../../arm-none-eabi/lib/thumb/v8-m.main+fp/hard\libcr_c.a(_fflush.o)
 .ARM.attributes
                0x00000708       0x3a c:/nxp/mcuxpressoide_11.4.1_6260/ide/plugins/com.nxp.mcuxpresso.tools.win32_11.4.0.202103011116/tools/bin/../lib/gcc/arm-none-eabi/10.2.1/../../../../arm-none-eabi/lib/thumb/v8-m.main+fp/hard\libcr_c.a(_writebuf.o)
 .ARM.attributes
                0x00000742       0x3a c:/nxp/mcuxpressoide_11.4.1_6260/ide/plugins/com.nxp.mcuxpresso.tools.win32_11.4.0.202103011116/tools/bin/../lib/gcc/arm-none-eabi/10.2.1/../../../../arm-none-eabi/lib/thumb/v8-m.main+fp/hard\libcr_c.a(_deferredlazyseek.o)
 .ARM.attributes
                0x0000077c       0x26 c:/nxp/mcuxpressoide_11.4.1_6260/ide/plugins/com.nxp.mcuxpresso.tools.win32_11.4.0.202103011116/tools/bin/../lib/gcc/arm-none-eabi/10.2.1/thumb/v8-m.main+fp/hard\libcr_eabihelpers.a(division_64.o)
 .ARM.attributes
                0x000007a2       0x26 c:/nxp/mcuxpressoide_11.4.1_6260/ide/plugins/com.nxp.mcuxpresso.tools.win32_11.4.0.202103011116/tools/bin/../lib/gcc/arm-none-eabi/10.2.1/thumb/v8-m.main+fp/hard\libcr_eabihelpers.a(division_idiv0.o)
 .ARM.attributes
                0x000007c8       0x26 c:/nxp/mcuxpressoide_11.4.1_6260/ide/plugins/com.nxp.mcuxpresso.tools.win32_11.4.0.202103011116/tools/bin/../lib/gcc/arm-none-eabi/10.2.1/thumb/v8-m.main+fp/hard\libcr_eabihelpers.a(memcpy.o)
 .ARM.attributes
                0x000007ee       0x3c c:/nxp/mcuxpressoide_11.4.1_6260/ide/plugins/com.nxp.mcuxpresso.tools.win32_11.4.0.202103011116/tools/bin/../lib/gcc/arm-none-eabi/10.2.1/../../../../arm-none-eabi/lib/thumb/v8-m.main+fp/hard\libcr_nohost_nf.a(__ciob.o)
 .ARM.attributes
                0x0000082a       0x3a c:/nxp/mcuxpressoide_11.4.1_6260/ide/plugins/com.nxp.mcuxpresso.tools.win32_11.4.0.202103011116/tools/bin/../lib/gcc/arm-none-eabi/10.2.1/../../../../arm-none-eabi/lib/thumb/v8-m.main+fp/hard\libcr_nohost_nf.a(__sys_close.o)
 .ARM.attributes
                0x00000864       0x3a c:/nxp/mcuxpressoide_11.4.1_6260/ide/plugins/com.nxp.mcuxpresso.tools.win32_11.4.0.202103011116/tools/bin/../lib/gcc/arm-none-eabi/10.2.1/../../../../arm-none-eabi/lib/thumb/v8-m.main+fp/hard\libcr_nohost_nf.a(__sys_flen.o)
 .ARM.attributes
                0x0000089e       0x3a c:/nxp/mcuxpressoide_11.4.1_6260/ide/plugins/com.nxp.mcuxpresso.tools.win32_11.4.0.202103011116/tools/bin/../lib/gcc/arm-none-eabi/10.2.1/../../../../arm-none-eabi/lib/thumb/v8-m.main+fp/hard\libcr_nohost_nf.a(__sys_istty.o)
 .ARM.attributes
                0x000008d8       0x3a c:/nxp/mcuxpressoide_11.4.1_6260/ide/plugins/com.nxp.mcuxpresso.tools.win32_11.4.0.202103011116/tools/bin/../lib/gcc/arm-none-eabi/10.2.1/../../../../arm-none-eabi/lib/thumb/v8-m.main+fp/hard\libcr_nohost_nf.a(__sys_remove.o)
 .ARM.attributes
                0x00000912       0x3a c:/nxp/mcuxpressoide_11.4.1_6260/ide/plugins/com.nxp.mcuxpresso.tools.win32_11.4.0.202103011116/tools/bin/../lib/gcc/arm-none-eabi/10.2.1/../../../../arm-none-eabi/lib/thumb/v8-m.main+fp/hard\libcr_nohost_nf.a(__sys_seek.o)
 .ARM.attributes
                0x0000094c       0x3a c:/nxp/mcuxpressoide_11.4.1_6260/ide/plugins/com.nxp.mcuxpresso.tools.win32_11.4.0.202103011116/tools/bin/../lib/gcc/arm-none-eabi/10.2.1/../../../../arm-none-eabi/lib/thumb/v8-m.main+fp/hard\libcr_nohost_nf.a(__sys_tmpnam.o)
 .ARM.attributes
                0x00000986       0x3a c:/nxp/mcuxpressoide_11.4.1_6260/ide/plugins/com.nxp.mcuxpresso.tools.win32_11.4.0.202103011116/tools/bin/../lib/gcc/arm-none-eabi/10.2.1/../../../../arm-none-eabi/lib/thumb/v8-m.main+fp/hard\libcr_nohost_nf.a(__sys_write.o)

.debug_frame    0x00000000     0x20b4
 .debug_frame   0x00000000       0x30 ./utilities/fsl_assert.o
 .debug_frame   0x00000030      0x1d4 ./utilities/fsl_debug_console.o
 .debug_frame   0x00000204      0x69c ./startup/startup_lpc55s69_cm33_core0.o
 .debug_frame   0x000008a0       0x58 ./source/hello_world.o
 .debug_frame   0x000008f8       0x20 ./source/semihost_hardfault.o
 .debug_frame   0x00000918      0x980 ./drivers/fsl_clock.o
 .debug_frame   0x00001298       0x64 ./drivers/fsl_common_arm.o
 .debug_frame   0x000012fc      0x234 ./drivers/fsl_flexcomm.o
 .debug_frame   0x00001530       0x7c ./drivers/fsl_reset.o
 .debug_frame   0x000015ac      0x41c ./drivers/fsl_usart.o
 .debug_frame   0x000019c8      0x210 ./device/system_LPC55S69_cm33_core0.o
 .debug_frame   0x00001bd8      0x134 ./component/uart/fsl_adapter_usart.o
 .debug_frame   0x00001d0c       0x58 ./board/board.o
 .debug_frame   0x00001d64       0xf8 ./board/clock_config.o
 .debug_frame   0x00001e5c       0xa0 ./board/pin_mux.o
 .debug_frame   0x00001efc      0x1b8 E:\Ishwarya\IBootRepo\IBootLPC55s69_hello_world\LPC55S69\mcuxpresso\libpower_hardabi.a(fsl_power_lib.o)

.debug_loc      0x00000000     0x1a48
 .debug_loc     0x00000000     0x1a48 E:\Ishwarya\IBootRepo\IBootLPC55s69_hello_world\LPC55S69\mcuxpresso\libpower_hardabi.a(fsl_power_lib.o)

Cross Reference Table

Symbol                                            File
ACMP_DriverIRQHandler                             ./startup/startup_lpc55s69_cm33_core0.o
ACMP_IRQHandler                                   ./startup/startup_lpc55s69_cm33_core0.o
ADC0_DriverIRQHandler                             ./startup/startup_lpc55s69_cm33_core0.o
ADC0_IRQHandler                                   ./startup/startup_lpc55s69_cm33_core0.o
BOARD_BootClockFRO12M                             ./board/clock_config.o
BOARD_BootClockFROHF96M                           ./board/clock_config.o
BOARD_BootClockPLL100M                            ./board/clock_config.o
BOARD_BootClockPLL150M                            ./board/clock_config.o
BOARD_BootClockPLL1_150M                          ./board/clock_config.o
BOARD_InitBootClocks                              ./board/clock_config.o
                                                  ./source/hello_world.o
BOARD_InitBootPins                                ./board/pin_mux.o
                                                  ./source/hello_world.o
BOARD_InitDebugConsole                            ./board/board.o
                                                  ./source/hello_world.o
BOARD_InitDebugConsole_Core1                      ./board/board.o
BOARD_InitPins                                    ./board/pin_mux.o
BusFault_Handler                                  ./startup/startup_lpc55s69_cm33_core0.o
CASER_DriverIRQHandler                            ./startup/startup_lpc55s69_cm33_core0.o
CASER_IRQHandler                                  ./startup/startup_lpc55s69_cm33_core0.o
CLOCK_AttachClk                                   ./drivers/fsl_clock.o
                                                  E:\Ishwarya\IBootRepo\IBootLPC55s69_hello_world\LPC55S69\mcuxpresso\libpower_hardabi.a(fsl_power_lib.o)
                                                  ./board/clock_config.o
                                                  ./board/board.o
                                                  ./source/hello_world.o
CLOCK_EnableUsbfs0DeviceClock                     ./drivers/fsl_clock.o
CLOCK_EnableUsbfs0HostClock                       ./drivers/fsl_clock.o
CLOCK_EnableUsbhs0DeviceClock                     ./drivers/fsl_clock.o
CLOCK_EnableUsbhs0HostClock                       ./drivers/fsl_clock.o
CLOCK_EnableUsbhs0PhyPllClock                     ./drivers/fsl_clock.o
CLOCK_GetAdcClkFreq                               ./drivers/fsl_clock.o
CLOCK_GetCTimerClkFreq                            ./drivers/fsl_clock.o
CLOCK_GetClockAttachId                            ./drivers/fsl_clock.o
CLOCK_GetClockOutClkFreq                          ./drivers/fsl_clock.o
CLOCK_GetCoreSysClkFreq                           ./drivers/fsl_clock.o
CLOCK_GetExtClkFreq                               ./drivers/fsl_clock.o
CLOCK_GetFlexCommClkFreq                          ./drivers/fsl_clock.o
CLOCK_GetFlexCommInputClock                       ./drivers/fsl_clock.o
CLOCK_GetFreq                                     ./drivers/fsl_clock.o
CLOCK_GetFro12MFreq                               ./drivers/fsl_clock.o
CLOCK_GetFro1MFreq                                ./drivers/fsl_clock.o
CLOCK_GetFroHfFreq                                ./drivers/fsl_clock.o
CLOCK_GetHsLspiClkFreq                            ./drivers/fsl_clock.o
CLOCK_GetI2SMClkFreq                              ./drivers/fsl_clock.o
CLOCK_GetMclkClkFreq                              ./drivers/fsl_clock.o
CLOCK_GetOsc32KFreq                               ./drivers/fsl_clock.o
CLOCK_GetPLL0InClockRate                          ./drivers/fsl_clock.o
CLOCK_GetPLL0OutClockRate                         ./drivers/fsl_clock.o
CLOCK_GetPLL0OutFromSetup                         ./drivers/fsl_clock.o
CLOCK_GetPLL1InClockRate                          ./drivers/fsl_clock.o
CLOCK_GetPLUClkInFreq                             ./drivers/fsl_clock.o
CLOCK_GetPll0OutFreq                              ./drivers/fsl_clock.o
CLOCK_GetPll1OutFreq                              ./drivers/fsl_clock.o
CLOCK_GetSctClkFreq                               ./drivers/fsl_clock.o
CLOCK_GetSdioClkFreq                              ./drivers/fsl_clock.o
CLOCK_GetSystickClkFreq                           ./drivers/fsl_clock.o
CLOCK_GetUsb0ClkFreq                              ./drivers/fsl_clock.o
CLOCK_GetUsb1ClkFreq                              ./drivers/fsl_clock.o
CLOCK_GetWdtClkFreq                               ./drivers/fsl_clock.o
CLOCK_SetClkDiv                                   ./drivers/fsl_clock.o
                                                  E:\Ishwarya\IBootRepo\IBootLPC55s69_hello_world\LPC55S69\mcuxpresso\libpower_hardabi.a(fsl_power_lib.o)
                                                  ./board/clock_config.o
CLOCK_SetFLASHAccessCyclesForFreq                 ./drivers/fsl_clock.o
                                                  ./board/clock_config.o
CLOCK_SetFlexCommClock                            ./drivers/fsl_clock.o
CLOCK_SetPLL0Freq                                 ./drivers/fsl_clock.o
                                                  ./board/clock_config.o
CLOCK_SetPLL1Freq                                 ./drivers/fsl_clock.o
                                                  ./board/clock_config.o
CLOCK_SetRtc1hzClkDiv                             ./drivers/fsl_clock.o
CLOCK_SetRtc1khzClkDiv                            ./drivers/fsl_clock.o
CLOCK_SetStoredPLL0ClockRate                      ./drivers/fsl_clock.o
CLOCK_SetupExtClocking                            ./drivers/fsl_clock.o
                                                  ./board/clock_config.o
CLOCK_SetupFROClocking                            ./drivers/fsl_clock.o
                                                  ./board/clock_config.o
CLOCK_SetupI2SMClkClocking                        ./drivers/fsl_clock.o
CLOCK_SetupPLL0Data                               ./drivers/fsl_clock.o
CLOCK_SetupPLL0Mult                               ./drivers/fsl_clock.o
CLOCK_SetupPLL0Prec                               ./drivers/fsl_clock.o
CLOCK_SetupPLUClkInClocking                       ./drivers/fsl_clock.o
CTIMER0_DriverIRQHandler                          ./startup/startup_lpc55s69_cm33_core0.o
CTIMER0_IRQHandler                                ./startup/startup_lpc55s69_cm33_core0.o
CTIMER1_DriverIRQHandler                          ./startup/startup_lpc55s69_cm33_core0.o
CTIMER1_IRQHandler                                ./startup/startup_lpc55s69_cm33_core0.o
CTIMER2_DriverIRQHandler                          ./startup/startup_lpc55s69_cm33_core0.o
CTIMER2_IRQHandler                                ./startup/startup_lpc55s69_cm33_core0.o
CTIMER3_DriverIRQHandler                          ./startup/startup_lpc55s69_cm33_core0.o
CTIMER3_IRQHandler                                ./startup/startup_lpc55s69_cm33_core0.o
CTIMER4_DriverIRQHandler                          ./startup/startup_lpc55s69_cm33_core0.o
CTIMER4_IRQHandler                                ./startup/startup_lpc55s69_cm33_core0.o
DMA0_DriverIRQHandler                             ./startup/startup_lpc55s69_cm33_core0.o
DMA0_IRQHandler                                   ./startup/startup_lpc55s69_cm33_core0.o
DMA1_DriverIRQHandler                             ./startup/startup_lpc55s69_cm33_core0.o
DMA1_IRQHandler                                   ./startup/startup_lpc55s69_cm33_core0.o
DbgConsole_Deinit                                 ./utilities/fsl_debug_console.o
DbgConsole_Getchar                                ./utilities/fsl_debug_console.o
                                                  ./source/hello_world.o
DbgConsole_Init                                   ./utilities/fsl_debug_console.o
                                                  ./board/board.o
DbgConsole_Printf                                 ./utilities/fsl_debug_console.o
                                                  ./source/hello_world.o
                                                  ./utilities/fsl_assert.o
DbgConsole_Putchar                                ./utilities/fsl_debug_console.o
                                                  ./source/hello_world.o
DbgConsole_Scanf                                  ./utilities/fsl_debug_console.o
DebugMon_Handler                                  ./startup/startup_lpc55s69_cm33_core0.o
FLEXCOMM0_DriverIRQHandler                        ./drivers/fsl_flexcomm.o
                                                  ./startup/startup_lpc55s69_cm33_core0.o
FLEXCOMM0_IRQHandler                              ./startup/startup_lpc55s69_cm33_core0.o
FLEXCOMM1_DriverIRQHandler                        ./drivers/fsl_flexcomm.o
                                                  ./startup/startup_lpc55s69_cm33_core0.o
FLEXCOMM1_IRQHandler                              ./startup/startup_lpc55s69_cm33_core0.o
FLEXCOMM2_DriverIRQHandler                        ./drivers/fsl_flexcomm.o
                                                  ./startup/startup_lpc55s69_cm33_core0.o
FLEXCOMM2_IRQHandler                              ./startup/startup_lpc55s69_cm33_core0.o
FLEXCOMM3_DriverIRQHandler                        ./drivers/fsl_flexcomm.o
                                                  ./startup/startup_lpc55s69_cm33_core0.o
FLEXCOMM3_IRQHandler                              ./startup/startup_lpc55s69_cm33_core0.o
FLEXCOMM4_DriverIRQHandler                        ./drivers/fsl_flexcomm.o
                                                  ./startup/startup_lpc55s69_cm33_core0.o
FLEXCOMM4_IRQHandler                              ./startup/startup_lpc55s69_cm33_core0.o
FLEXCOMM5_DriverIRQHandler                        ./drivers/fsl_flexcomm.o
                                                  ./startup/startup_lpc55s69_cm33_core0.o
FLEXCOMM5_IRQHandler                              ./startup/startup_lpc55s69_cm33_core0.o
FLEXCOMM6_DriverIRQHandler                        ./drivers/fsl_flexcomm.o
                                                  ./startup/startup_lpc55s69_cm33_core0.o
FLEXCOMM6_IRQHandler                              ./startup/startup_lpc55s69_cm33_core0.o
FLEXCOMM7_DriverIRQHandler                        ./drivers/fsl_flexcomm.o
                                                  ./startup/startup_lpc55s69_cm33_core0.o
FLEXCOMM7_IRQHandler                              ./startup/startup_lpc55s69_cm33_core0.o
FLEXCOMM8_DriverIRQHandler                        ./drivers/fsl_flexcomm.o
                                                  ./startup/startup_lpc55s69_cm33_core0.o
FLEXCOMM8_IRQHandler                              ./startup/startup_lpc55s69_cm33_core0.o
FLEXCOMM_GetInstance                              ./drivers/fsl_flexcomm.o
FLEXCOMM_Init                                     ./drivers/fsl_flexcomm.o
                                                  ./drivers/fsl_usart.o
FLEXCOMM_SetIRQHandler                            ./drivers/fsl_flexcomm.o
                                                  ./drivers/fsl_usart.o
GINT0_DriverIRQHandler                            ./startup/startup_lpc55s69_cm33_core0.o
GINT0_IRQHandler                                  ./startup/startup_lpc55s69_cm33_core0.o
GINT1_DriverIRQHandler                            ./startup/startup_lpc55s69_cm33_core0.o
GINT1_IRQHandler                                  ./startup/startup_lpc55s69_cm33_core0.o
GPIO_PinInit                                      ./drivers/fsl_gpio.o
GPIO_PortInit                                     ./drivers/fsl_gpio.o
HAL_UartDeinit                                    ./component/uart/fsl_adapter_usart.o
                                                  ./utilities/fsl_debug_console.o
HAL_UartEnterLowpower                             ./component/uart/fsl_adapter_usart.o